arbol 2, antesDeMergear:
> node: xrr
--> node: xfjvmb
--------
arbol 2, despuesDeMergear:
> node: xrr
--> node: xfjvmb
--------
arbol 0, antesDePrunear:
> node: -6.193126
--> node: 21.398772
  --> node: 35.257741
--> node: 64.559610
--------
arbol 0, despuesDePrunear:
> node: -6.193126
--> node: 21.398772
  --> node: 35.257741
--------
arbol 0, antesDeMergear:
> node: -6.193126
--> node: 21.398772
  --> node: 35.257741
--------
arbol 0, despuesDeMergear:
> node: -6.193126
--> node: 21.398772
  --> node: 35.257741
--------
arbol 1, antesDePrunear:
> node: whiviups
--> node: blnows
  --> node: kxnf
  --> node: ua
--------
arbol 1, despuesDePrunear:
> node: whiviups
--------
arbol 2, antesDePrunear:
> node: xrr
--> node: xfjvmb
  --> node: hejdwg
  --> node: tj
--------
arbol 2, despuesDePrunear:
> node: xrr
--> node: xfjvmb
  --> node: tj
--------
arbol 2, antesDePrunear:
> node: xrr
--> node: xfjvmb
  --> node: tj
--------
arbol 2, despuesDePrunear:
> node: xrr
--> node: xfjvmb
  --> node: tj
--------
arbol 1, antesDeMergear:
> node: whiviups
--> node: bpnrkk
--> node: su
--------
arbol 1, despuesDeMergear:
> node: wuiviups
--> node: bpnrkk
--------
arbol 4, antesDePrunear:
> node: lt
--> node: wey
  --> node: qmqeh
  --> node: yyavtkouv
  --> node: nxckgi
    --> node: c
      --> node: f
--------
arbol 4, despuesDePrunear:
> node: lt
--------
arbol 0, antesDeMergear:
> node: -6.193126
--> node: 21.398772
  --> node: 35.257741
    --> node: 47.788510
  --> node: -4.976189
  --> node: 16.944471
--> node: 2.843852
--------
arbol 0, despuesDeMergear:
> node: -6.193126
--> node: 21.398772
  --> node: 35.257741
    --> node: 47.788510
  --> node: -4.976189
  --> node: 16.944471
--> node: 2.843852
--------
arbol 4, antesDeMergear:
> node: lt
--------
arbol 4, despuesDeMergear:
> node: lt
--------
arbol 3, antesDePrunear:
> node: 5.707944
--> node: 48.280167
  --> node: -9.965338
--> node: 36.322838
  --> node: 31.372040
    --> node: 12.669228
--> node: 28.005682
--> node: 53.662307
  --> node: 24.473092
    --> node: -3.612205
--------
arbol 3, despuesDePrunear:
> node: 5.707944
--> node: 48.280167
  --> node: -9.965338
--> node: 36.322838
  --> node: 31.372040
    --> node: 12.669228
--> node: 28.005682
--> node: 53.662307
  --> node: 24.473092
    --> node: -3.612205
--------
arbol 3, antesDePrunear:
> node: 5.707944
--> node: 48.280167
  --> node: -9.965338
--> node: 36.322838
  --> node: 31.372040
    --> node: 12.669228
      --> node: 48.503174
--> node: 28.005682
--> node: 53.662307
  --> node: 24.473092
    --> node: -3.612205
--------
arbol 3, despuesDePrunear:
> node: 5.707944
--> node: 48.280167
  --> node: -9.965338
--> node: 36.322838
  --> node: 31.372040
    --> node: 12.669228
      --> node: 48.503174
--> node: 28.005682
--> node: 53.662307
  --> node: 24.473092
    --> node: -3.612205
--------
arbol 2, antesDeMergear:
> node: xrr
--> node: xfjvmb
  --> node: tj
  --> node: vhratcjps
--> node: jlvnxyhga
  --> node: lkng
  --> node: g
--------
arbol 2, despuesDeMergear:
> node: xlrnxyhga
--> node: xhjamcjps
  --> node: tj
--> node: lkng
--> node: g
--------
arbol 1, antesDePrunear:
> node: wuiviups
--> node: bpnrkk
  --> node: u
    --> node: fgv
    --> node: vugpdfpt
      --> node: ji
  --> node: amnij
    --> node: rngpt
  --> node: ygplrvg
--> node: oj
--> node: pkgdrt
--------
arbol 1, despuesDePrunear:
> node: wuiviups
--> node: bpnrkk
  --> node: ygplrvg
--> node: pkgdrt
--------
arbol 4, antesDeMergear:
> node: lt
--> node: oukxtrjr
  --> node: y
  --> node: srqfwusge
--> node: rtlvb
  --> node: jyimh
    --> node: vaiu
--------
arbol 4, despuesDeMergear:
> node: lukxtrjr
--> node: rylmb
  --> node: vaiu
--> node: y
--> node: srqfwusge
--------
arbol 4, antesDePrunear:
> node: lukxtrjr
--> node: rylmb
  --> node: vaiu
--> node: y
  --> node: yokbtg
--> node: srqfwusge
--------
arbol 4, despuesDePrunear:
> node: lukxtrjr
--> node: rylmb
--> node: y
--------
arbol 3, antesDeMergear:
> node: 5.707944
--> node: 48.280167
  --> node: -9.965338
--> node: 36.322838
  --> node: 31.372040
    --> node: 12.669228
      --> node: 48.503174
      --> node: 27.075202
        --> node: 29.272004
  --> node: 45.901984
  --> node: 59.484473
--> node: 28.005682
  --> node: -13.351007
--> node: 53.662307
  --> node: 24.473092
    --> node: -3.612205
--------
arbol 3, despuesDeMergear:
> node: 5.707944
--> node: 48.280167
  --> node: -9.965338
--> node: 36.322838
  --> node: 31.372040
    --> node: 12.669228
      --> node: 48.503174
      --> node: 27.075202
        --> node: 29.272004
  --> node: 45.901984
  --> node: 59.484473
--> node: 28.005682
  --> node: -13.351007
--> node: 53.662307
  --> node: 24.473092
    --> node: -3.612205
--------
arbol 4, antesDePrunear:
> node: lukxtrjr
--> node: rylmb
--> node: y
--> node: imiktfip
--------
arbol 4, despuesDePrunear:
> node: lukxtrjr
--> node: rylmb
--> node: y
--------
arbol 1, antesDeMergear:
> node: wuiviups
--> node: bpnrkk
  --> node: ygplrvg
  --> node: xriapg
--> node: pkgdrt
  --> node: u
--------
arbol 1, despuesDeMergear:
> node: wuiviups
--> node: brnakg
  --> node: ygplrvg
--> node: pkgdrt
--------
arbol 1, antesDeMergear:
> node: wuiviups
--> node: brnakg
  --> node: ygplrvg
--> node: pkgdrt
--------
arbol 1, despuesDeMergear:
> node: wriaigps
--> node: pkgdrt
--> node: ygplrvg
--------
arbol 1, antesDePrunear:
> node: wriaigps
--> node: pkgdrt
--> node: ygplrvg
--------
arbol 1, despuesDePrunear:
> node: wriaigps
--> node: pkgdrt
--> node: ygplrvg
--------
arbol 3, antesDeMergear:
> node: 5.707944
--> node: 48.280167
  --> node: -9.965338
--> node: 36.322838
  --> node: 31.372040
    --> node: 12.669228
      --> node: 48.503174
      --> node: 27.075202
        --> node: 29.272004
  --> node: 45.901984
  --> node: 59.484473
    --> node: 45.430331
--> node: 28.005682
  --> node: -13.351007
--> node: 53.662307
  --> node: 24.473092
    --> node: -3.612205
--> node: 14.393255
--------
arbol 3, despuesDeMergear:
> node: 5.707944
--> node: 48.280167
  --> node: -9.965338
--> node: 36.322838
  --> node: 31.372040
    --> node: 12.669228
      --> node: 48.503174
      --> node: 27.075202
        --> node: 29.272004
  --> node: 45.901984
  --> node: 59.484473
    --> node: 45.430331
--> node: 28.005682
  --> node: -13.351007
--> node: 53.662307
  --> node: 24.473092
    --> node: -3.612205
--> node: 14.393255
--------
arbol 2, antesDePrunear:
> node: xlrnxyhga
--> node: xhjamcjps
  --> node: tj
    --> node: lhybw
      --> node: t
      --> node: lqf
--> node: lkng
  --> node: hcrgwdkgk
    --> node: jqvdgn
--> node: g
  --> node: jwy
    --> node: joe
  --> node: blhfkqk
    --> node: j
--------
arbol 2, despuesDePrunear:
> node: xlrnxyhga
--> node: lkng
  --> node: hcrgwdkgk
    --> node: jqvdgn
--> node: g
  --> node: jwy
  --> node: blhfkqk
    --> node: j
--------
arbol 3, antesDeMergear:
> node: 5.707944
--> node: 48.280167
  --> node: -9.965338
  --> node: 67.094798
--> node: 36.322838
  --> node: 31.372040
    --> node: 12.669228
      --> node: 48.503174
      --> node: 27.075202
        --> node: 29.272004
  --> node: 45.901984
  --> node: 59.484473
    --> node: 45.430331
--> node: 28.005682
  --> node: -13.351007
    --> node: 35.352976
    --> node: 5.278031
--> node: 53.662307
  --> node: 24.473092
    --> node: -3.612205
--> node: 14.393255
--> node: 25.704405
--------
arbol 3, despuesDeMergear:
> node: 5.707944
--> node: 3239.348036
  --> node: -9.965338
--> node: 36.322838
  --> node: 31.372040
    --> node: 12.669228
      --> node: 48.503174
      --> node: 27.075202
        --> node: 29.272004
  --> node: 45.901984
  --> node: 59.484473
    --> node: 45.430331
--> node: 28.005682
  --> node: -13.351007
    --> node: 35.352976
    --> node: 5.278031
--> node: 53.662307
  --> node: 24.473092
    --> node: -3.612205
--> node: 14.393255
--> node: 25.704405
--------
arbol 4, antesDeMergear:
> node: lukxtrjr
--> node: rylmb
  --> node: lw
  --> node: dje
--> node: y
--------
arbol 4, despuesDeMergear:
> node: lukxtrjr
--> node: rjlmb
  --> node: lw
--> node: y
--------
arbol 0, antesDeMergear:
> node: -6.193126
--> node: 21.398772
  --> node: 35.257741
    --> node: 47.788510
      --> node: 47.189468
        --> node: -20.227933
    --> node: -0.924880
      --> node: -13.940282
        --> node: 21.959153
        --> node: 36.133646
      --> node: 65.197722
        --> node: 27.164585
    --> node: -20.946797
    --> node: 40.606997
  --> node: -4.976189
    --> node: -0.180232
  --> node: 16.944471
    --> node: 58.725259
  --> node: 54.515512
--> node: 2.843852
--> node: 33.055549
--------
arbol 0, despuesDeMergear:
> node: -6.193126
--> node: 21.398772
  --> node: 35.257741
    --> node: 47.788510
      --> node: 47.189468
        --> node: -20.227933
    --> node: -60.300064
      --> node: -13.940282
        --> node: 21.959153
        --> node: 36.133646
      --> node: 27.164585
    --> node: -20.946797
    --> node: 40.606997
  --> node: -4.976189
    --> node: -0.180232
  --> node: 16.944471
    --> node: 58.725259
  --> node: 54.515512
--> node: 2.843852
--> node: 33.055549
--------
arbol 3, antesDeMergear:
> node: 5.707944
--> node: 3239.348036
  --> node: -9.965338
--> node: 36.322838
  --> node: 31.372040
    --> node: 12.669228
      --> node: 48.503174
      --> node: 27.075202
        --> node: 29.272004
        --> node: 49.986933
      --> node: 12.547003
  --> node: 45.901984
  --> node: 59.484473
    --> node: 45.430331
      --> node: 71.342991
--> node: 28.005682
  --> node: -13.351007
    --> node: 35.352976
    --> node: 5.278031
--> node: 53.662307
  --> node: 24.473092
    --> node: -3.612205
--> node: 14.393255
--> node: 25.704405
--------
arbol 3, despuesDeMergear:
> node: 18490.015988
--> node: 36.322838
  --> node: 31.372040
    --> node: 12.669228
      --> node: 48.503174
      --> node: 27.075202
        --> node: 29.272004
        --> node: 49.986933
      --> node: 12.547003
  --> node: 45.901984
  --> node: 59.484473
    --> node: 3241.135652
--> node: 28.005682
  --> node: -13.351007
    --> node: 35.352976
    --> node: 5.278031
--> node: 53.662307
  --> node: 24.473092
    --> node: -3.612205
--> node: 14.393255
--> node: 25.704405
--> node: -9.965338
--------
arbol 2, antesDeMergear:
> node: xlrnxyhga
--> node: lkng
  --> node: hcrgwdkgk
    --> node: jqvdgn
  --> node: r
--> node: g
  --> node: jwy
  --> node: blhfkqk
    --> node: j
    --> node: tuichvmk
    --> node: qfvjfmn
    --> node: n
--> node: qfg
--------
arbol 2, despuesDeMergear:
> node: xlrnxyhga
--> node: lkng
  --> node: hcrgwdkgk
    --> node: jqvdgn
  --> node: r
--> node: g
  --> node: jwy
  --> node: buhckvkk
    --> node: j
    --> node: qfvjfmn
    --> node: n
--> node: qfg
--------
arbol 0, antesDeMergear:
> node: -6.193126
--> node: 21.398772
  --> node: 35.257741
    --> node: 47.788510
      --> node: 47.189468
        --> node: -20.227933
    --> node: -60.300064
      --> node: -13.940282
        --> node: 21.959153
        --> node: 36.133646
      --> node: 27.164585
    --> node: -20.946797
    --> node: 40.606997
    --> node: 48.797729
  --> node: -4.976189
    --> node: -0.180232
      --> node: 67.013300
  --> node: 16.944471
    --> node: 58.725259
  --> node: 54.515512
--> node: 2.843852
--> node: 33.055549
--> node: -21.914241
--------
arbol 0, despuesDeMergear:
> node: -6.193126
--> node: 21.398772
  --> node: 35.257741
    --> node: 47.788510
      --> node: 47.189468
        --> node: -20.227933
    --> node: -60.300064
      --> node: -13.940282
        --> node: 21.959153
        --> node: 36.133646
      --> node: 27.164585
    --> node: -20.946797
    --> node: 40.606997
    --> node: 48.797729
  --> node: -4.976189
    --> node: -12.077920
  --> node: 16.944471
    --> node: 58.725259
  --> node: 54.515512
--> node: 2.843852
--> node: 33.055549
--> node: -21.914241
--------
arbol 4, antesDePrunear:
> node: lukxtrjr
--> node: rjlmb
  --> node: lw
--> node: y
--> node: emuixwql
  --> node: xmklunwy
--> node: m
  --> node: xugvbl
--> node: mcpvick
--> node: xr
--------
arbol 4, despuesDePrunear:
> node: lukxtrjr
--> node: rjlmb
  --> node: lw
--> node: y
--> node: m
--> node: xr
--------
arbol 1, antesDeMergear:
> node: wriaigps
--> node: pkgdrt
  --> node: qrij
    --> node: eljgyywwu
      --> node: eby
  --> node: tvnpw
--> node: ygplrvg
--> node: hxapxen
--> node: saliw
  --> node: mdunlmrw
    --> node: y
--> node: vjuey
  --> node: bmnol
    --> node: rndlwdcfm
--------
arbol 1, despuesDeMergear:
> node: wjieieps
--> node: prgjrt
  --> node: tvnpw
  --> node: eljgyywwu
    --> node: eby
--> node: ygplrvg
--> node: mdunlmrw
  --> node: y
--> node: bmnol
  --> node: rndlwdcfm
--------
arbol 0, antesDeMergear:
> node: -6.193126
--> node: 21.398772
  --> node: 35.257741
    --> node: 47.788510
      --> node: 47.189468
        --> node: -20.227933
          --> node: 32.303044
    --> node: -60.300064
      --> node: -13.940282
        --> node: 21.959153
        --> node: 36.133646
      --> node: 27.164585
    --> node: -20.946797
    --> node: 40.606997
    --> node: 48.797729
  --> node: -4.976189
    --> node: -12.077920
  --> node: 16.944471
    --> node: 58.725259
  --> node: 54.515512
--> node: 2.843852
--> node: 33.055549
--> node: -21.914241
--------
arbol 0, despuesDeMergear:
> node: -6.193126
--> node: 21.398772
  --> node: 35.257741
    --> node: 47.788510
      --> node: 47.189468
        --> node: -20.227933
          --> node: 32.303044
    --> node: -60.300064
      --> node: -13.940282
        --> node: 21.959153
        --> node: 36.133646
      --> node: 27.164585
    --> node: -20.946797
    --> node: 40.606997
    --> node: 48.797729
  --> node: -4.976189
    --> node: -12.077920
  --> node: 16.944471
    --> node: 58.725259
  --> node: 54.515512
--> node: 2.843852
--> node: 33.055549
--> node: -21.914241
--------
arbol 1, antesDeMergear:
> node: wjieieps
--> node: prgjrt
  --> node: tvnpw
  --> node: eljgyywwu
    --> node: eby
    --> node: xlltuawqn
      --> node: nlfp
--> node: ygplrvg
--> node: mdunlmrw
  --> node: y
  --> node: u
--> node: bmnol
  --> node: rndlwdcfm
    --> node: lcmubwxp
--> node: qu
--------
arbol 1, despuesDeMergear:
> node: wuioimpw
--> node: plggrywwu
  --> node: tvnpw
  --> node: eby
  --> node: xlltuawqn
    --> node: nlfp
--> node: ygplrvg
--> node: y
--> node: u
--> node: rndlwdcfm
  --> node: lcmubwxp
--------
arbol 3, antesDePrunear:
> node: 18490.015988
--> node: 36.322838
  --> node: 31.372040
    --> node: 12.669228
      --> node: 48.503174
        --> node: 72.360342
      --> node: 27.075202
        --> node: 29.272004
        --> node: 49.986933
          --> node: 35.447653
        --> node: -19.435284
      --> node: 12.547003
        --> node: 70.481727
    --> node: -17.689039
      --> node: 47.827654
  --> node: 45.901984
  --> node: 59.484473
    --> node: 3241.135652
--> node: 28.005682
  --> node: -13.351007
    --> node: 35.352976
    --> node: 5.278031
--> node: 53.662307
  --> node: 24.473092
    --> node: -3.612205
      --> node: 4.662469
--> node: 14.393255
--> node: 25.704405
  --> node: 25.461579
--> node: -9.965338
  --> node: 68.289480
--------
arbol 3, despuesDePrunear:
> node: 18490.015988
--> node: 36.322838
  --> node: 31.372040
    --> node: 12.669228
      --> node: 48.503174
      --> node: 27.075202
        --> node: 29.272004
        --> node: 49.986933
          --> node: 35.447653
        --> node: -19.435284
      --> node: 12.547003
    --> node: -17.689039
      --> node: 47.827654
  --> node: 45.901984
  --> node: 59.484473
--> node: 28.005682
  --> node: -13.351007
    --> node: 35.352976
    --> node: 5.278031
--> node: 53.662307
  --> node: 24.473092
    --> node: -3.612205
      --> node: 4.662469
--> node: 14.393255
--> node: 25.704405
  --> node: 25.461579
--> node: -9.965338
--------
arbol 2, antesDeMergear:
> node: xlrnxyhga
--> node: lkng
  --> node: hcrgwdkgk
    --> node: jqvdgn
      --> node: in
  --> node: r
  --> node: rdihsooi
--> node: g
  --> node: jwy
    --> node: tlfuxxyx
      --> node: nhiqjlkp
  --> node: buhckvkk
    --> node: j
    --> node: qfvjfmn
    --> node: n
      --> node: jgkniamy
  --> node: gbmpbxgo
    --> node: tydder
--> node: qfg
--> node: pugn
--------
arbol 2, despuesDeMergear:
> node: xurnxyhga
--> node: ldnhsooi
  --> node: hcrgwdkgk
    --> node: jnvdgn
  --> node: r
--> node: gbhpkxko
  --> node: jlyuxxyx
    --> node: nhiqjlkp
  --> node: j
  --> node: qfvjfmn
  --> node: n
    --> node: jgkniamy
  --> node: tydder
--> node: qfg
--------
arbol 3, antesDeMergear:
> node: 18490.015988
--> node: 36.322838
  --> node: 31.372040
    --> node: 12.669228
      --> node: 48.503174
      --> node: 27.075202
        --> node: 29.272004
          --> node: 66.727242
        --> node: 49.986933
          --> node: 35.447653
        --> node: -19.435284
      --> node: 12.547003
    --> node: -17.689039
      --> node: 47.827654
  --> node: 45.901984
  --> node: 59.484473
--> node: 28.005682
  --> node: -13.351007
    --> node: 35.352976
    --> node: 5.278031
  --> node: -9.828795
--> node: 53.662307
  --> node: 24.473092
    --> node: -3.612205
      --> node: 4.662469
--> node: 14.393255
--> node: 25.704405
  --> node: 25.461579
--> node: -9.965338
--------
arbol 3, despuesDeMergear:
> node: 18490.015988
--> node: 36.322838
  --> node: 31.372040
    --> node: 12.669228
      --> node: 48.503174
      --> node: 27.075202
        --> node: 1953.240096
        --> node: 49.986933
          --> node: 35.447653
        --> node: -19.435284
      --> node: 12.547003
    --> node: -17.689039
      --> node: 47.827654
  --> node: 45.901984
  --> node: 59.484473
--> node: 28.005682
  --> node: -13.351007
    --> node: 35.352976
    --> node: 5.278031
  --> node: -9.828795
--> node: 53.662307
  --> node: 24.473092
    --> node: -3.612205
      --> node: 4.662469
--> node: 14.393255
--> node: 25.704405
  --> node: 25.461579
--> node: -9.965338
--------
arbol 3, antesDePrunear:
> node: 18490.015988
--> node: 36.322838
  --> node: 31.372040
    --> node: 12.669228
      --> node: 48.503174
      --> node: 27.075202
        --> node: 1953.240096
        --> node: 49.986933
          --> node: 35.447653
        --> node: -19.435284
      --> node: 12.547003
    --> node: -17.689039
      --> node: 47.827654
  --> node: 45.901984
  --> node: 59.484473
--> node: 28.005682
  --> node: -13.351007
    --> node: 35.352976
      --> node: 67.154466
        --> node: 11.770125
    --> node: 5.278031
  --> node: -9.828795
--> node: 53.662307
  --> node: 24.473092
    --> node: -3.612205
      --> node: 4.662469
--> node: 14.393255
--> node: 25.704405
  --> node: 25.461579
--> node: -9.965338
--------
arbol 3, despuesDePrunear:
> node: 18490.015988
--> node: 36.322838
  --> node: 31.372040
    --> node: 12.669228
      --> node: 48.503174
      --> node: 27.075202
        --> node: 49.986933
          --> node: 35.447653
        --> node: -19.435284
      --> node: 12.547003
    --> node: -17.689039
      --> node: 47.827654
  --> node: 45.901984
  --> node: 59.484473
--> node: 28.005682
  --> node: -13.351007
    --> node: 35.352976
    --> node: 5.278031
  --> node: -9.828795
--> node: 53.662307
  --> node: 24.473092
    --> node: -3.612205
      --> node: 4.662469
--> node: 14.393255
--> node: 25.704405
  --> node: 25.461579
--> node: -9.965338
--------
arbol 4, antesDePrunear:
> node: lukxtrjr
--> node: rjlmb
  --> node: lw
  --> node: inbfux
    --> node: dvilebfuk
      --> node: fyredmm
  --> node: tf
--> node: y
  --> node: lhbrv
  --> node: ottri
--> node: m
--> node: xr
  --> node: sbhpprqh
  --> node: lktbe
--------
arbol 4, despuesDePrunear:
> node: lukxtrjr
--> node: rjlmb
  --> node: lw
  --> node: tf
--> node: y
  --> node: lhbrv
--> node: m
--> node: xr
  --> node: sbhpprqh
--------
arbol 3, antesDePrunear:
> node: 18490.015988
--> node: 36.322838
  --> node: 31.372040
    --> node: 12.669228
      --> node: 48.503174
      --> node: 27.075202
        --> node: 49.986933
          --> node: 35.447653
        --> node: -19.435284
      --> node: 12.547003
    --> node: -17.689039
      --> node: 47.827654
  --> node: 45.901984
  --> node: 59.484473
    --> node: 41.330328
--> node: 28.005682
  --> node: -13.351007
    --> node: 35.352976
    --> node: 5.278031
  --> node: -9.828795
--> node: 53.662307
  --> node: 24.473092
    --> node: -3.612205
      --> node: 4.662469
    --> node: -10.531818
--> node: 14.393255
--> node: 25.704405
  --> node: 25.461579
--> node: -9.965338
--------
arbol 3, despuesDePrunear:
> node: 18490.015988
--> node: 36.322838
  --> node: 31.372040
    --> node: 12.669228
      --> node: 48.503174
      --> node: 27.075202
        --> node: 49.986933
          --> node: 35.447653
        --> node: -19.435284
      --> node: 12.547003
    --> node: -17.689039
      --> node: 47.827654
  --> node: 45.901984
  --> node: 59.484473
    --> node: 41.330328
--> node: 28.005682
  --> node: -13.351007
    --> node: 35.352976
    --> node: 5.278031
  --> node: -9.828795
--> node: 53.662307
  --> node: 24.473092
    --> node: -3.612205
      --> node: 4.662469
    --> node: -10.531818
--> node: 14.393255
--> node: 25.704405
  --> node: 25.461579
--> node: -9.965338
--------
arbol 0, antesDePrunear:
> node: -6.193126
--> node: 21.398772
  --> node: 35.257741
    --> node: 47.788510
      --> node: 47.189468
        --> node: -20.227933
          --> node: 32.303044
    --> node: -60.300064
      --> node: -13.940282
        --> node: 21.959153
          --> node: -24.664169
        --> node: 36.133646
        --> node: -23.398936
        --> node: 25.110727
          --> node: 58.938819
        --> node: -9.510659
        --> node: 59.207545
      --> node: 27.164585
      --> node: -13.996523
    --> node: -20.946797
    --> node: 40.606997
    --> node: 48.797729
  --> node: -4.976189
    --> node: -12.077920
      --> node: 33.777067
  --> node: 16.944471
    --> node: 58.725259
    --> node: 22.646420
      --> node: -24.829183
    --> node: -6.666898
  --> node: 54.515512
  --> node: 13.174461
--> node: 2.843852
--> node: 33.055549
--> node: -21.914241
--------
arbol 0, despuesDePrunear:
> node: -6.193126
--> node: 21.398772
  --> node: 35.257741
    --> node: 47.788510
      --> node: 47.189468
        --> node: -20.227933
          --> node: 32.303044
    --> node: -60.300064
      --> node: -13.940282
        --> node: 21.959153
          --> node: -24.664169
        --> node: 36.133646
        --> node: -23.398936
        --> node: 25.110727
          --> node: 58.938819
        --> node: -9.510659
        --> node: 59.207545
      --> node: 27.164585
      --> node: -13.996523
    --> node: -20.946797
    --> node: 40.606997
    --> node: 48.797729
  --> node: -4.976189
    --> node: -12.077920
      --> node: 33.777067
  --> node: 16.944471
    --> node: 58.725259
    --> node: 22.646420
      --> node: -24.829183
    --> node: -6.666898
  --> node: 54.515512
  --> node: 13.174461
--> node: 2.843852
--> node: 33.055549
--> node: -21.914241
--------
arbol 3, destruyendoLoSiguiente:
> node: 18490.015988
--> node: 36.322838
  --> node: 31.372040
    --> node: 12.669228
      --> node: 48.503174
        --> node: 38.232893
        --> node: 37.559654
      --> node: 27.075202
        --> node: 49.986933
          --> node: 35.447653
        --> node: -19.435284
      --> node: 12.547003
        --> node: 59.100614
    --> node: -17.689039
      --> node: 47.827654
  --> node: 45.901984
  --> node: 59.484473
    --> node: 41.330328
  --> node: 14.643862
    --> node: 46.593456
--> node: 28.005682
  --> node: -13.351007
    --> node: 35.352976
    --> node: 5.278031
      --> node: 11.065391
        --> node: -18.434855
    --> node: -23.355534
  --> node: -9.828795
    --> node: 32.892681
--> node: 53.662307
  --> node: 24.473092
    --> node: -3.612205
      --> node: 4.662469
    --> node: -10.531818
--> node: 14.393255
--> node: 25.704405
  --> node: 25.461579
--> node: -9.965338
--> node: -1.788213
--------
arbol 0, antesDePrunear:
> node: -6.193126
--> node: 21.398772
  --> node: 35.257741
    --> node: 47.788510
      --> node: 47.189468
        --> node: -20.227933
          --> node: 32.303044
        --> node: 2.144762
          --> node: 73.828045
      --> node: 42.407523
    --> node: -60.300064
      --> node: -13.940282
        --> node: 21.959153
          --> node: -24.664169
        --> node: 36.133646
        --> node: -23.398936
          --> node: 49.450991
        --> node: 25.110727
          --> node: 58.938819
          --> node: 1.850726
        --> node: -9.510659
        --> node: 59.207545
        --> node: 7.181509
      --> node: 27.164585
      --> node: -13.996523
    --> node: -20.946797
    --> node: 40.606997
    --> node: 48.797729
  --> node: -4.976189
    --> node: -12.077920
      --> node: 33.777067
  --> node: 16.944471
    --> node: 58.725259
    --> node: 22.646420
      --> node: -24.829183
    --> node: -6.666898
  --> node: 54.515512
  --> node: 13.174461
--> node: 2.843852
--> node: 33.055549
--> node: -21.914241
--> node: 56.711166
--> node: 38.111049
--------
arbol 0, despuesDePrunear:
> node: -6.193126
--> node: 21.398772
  --> node: 35.257741
    --> node: 47.788510
      --> node: 47.189468
        --> node: -20.227933
          --> node: 32.303044
        --> node: 2.144762
      --> node: 42.407523
    --> node: -60.300064
      --> node: -13.940282
        --> node: 21.959153
          --> node: -24.664169
        --> node: 36.133646
        --> node: -23.398936
          --> node: 49.450991
        --> node: 25.110727
          --> node: 58.938819
          --> node: 1.850726
        --> node: -9.510659
        --> node: 59.207545
        --> node: 7.181509
      --> node: 27.164585
      --> node: -13.996523
    --> node: -20.946797
    --> node: 40.606997
    --> node: 48.797729
  --> node: -4.976189
    --> node: -12.077920
      --> node: 33.777067
  --> node: 16.944471
    --> node: 58.725259
    --> node: 22.646420
      --> node: -24.829183
    --> node: -6.666898
  --> node: 54.515512
  --> node: 13.174461
--> node: 2.843852
--> node: 33.055549
--> node: -21.914241
--> node: 56.711166
--> node: 38.111049
--------
arbol 1, antesDePrunear:
> node: wuioimpw
--> node: plggrywwu
  --> node: tvnpw
    --> node: e
    --> node: getvaojie
  --> node: eby
  --> node: xlltuawqn
    --> node: nlfp
      --> node: pwvox
    --> node: oyy
    --> node: d
--> node: ygplrvg
  --> node: ifihdgfx
--> node: y
  --> node: gy
--> node: u
  --> node: xxvsciu
--> node: rndlwdcfm
  --> node: lcmubwxp
--> node: acvua
--------
arbol 1, despuesDePrunear:
> node: wuioimpw
--> node: ygplrvg
--> node: y
  --> node: gy
--> node: rndlwdcfm
--------
arbol 0, antesDePrunear:
> node: -6.193126
--> node: 21.398772
  --> node: 35.257741
    --> node: 47.788510
      --> node: 47.189468
        --> node: -20.227933
          --> node: 32.303044
        --> node: 2.144762
      --> node: 42.407523
    --> node: -60.300064
      --> node: -13.940282
        --> node: 21.959153
          --> node: -24.664169
        --> node: 36.133646
        --> node: -23.398936
          --> node: 49.450991
        --> node: 25.110727
          --> node: 58.938819
          --> node: 1.850726
          --> node: 24.472599
        --> node: -9.510659
        --> node: 59.207545
        --> node: 7.181509
      --> node: 27.164585
      --> node: -13.996523
    --> node: -20.946797
    --> node: 40.606997
    --> node: 48.797729
  --> node: -4.976189
    --> node: -12.077920
      --> node: 33.777067
  --> node: 16.944471
    --> node: 58.725259
    --> node: 22.646420
      --> node: -24.829183
    --> node: -6.666898
  --> node: 54.515512
  --> node: 13.174461
--> node: 2.843852
--> node: 33.055549
--> node: -21.914241
--> node: 56.711166
--> node: 38.111049
--------
arbol 0, despuesDePrunear:
> node: -6.193126
--> node: 21.398772
  --> node: 35.257741
    --> node: 47.788510
      --> node: 47.189468
        --> node: -20.227933
          --> node: 32.303044
        --> node: 2.144762
      --> node: 42.407523
    --> node: -60.300064
      --> node: -13.940282
        --> node: 21.959153
          --> node: -24.664169
        --> node: 36.133646
        --> node: -23.398936
          --> node: 49.450991
        --> node: 25.110727
          --> node: 58.938819
          --> node: 1.850726
          --> node: 24.472599
        --> node: -9.510659
        --> node: 59.207545
        --> node: 7.181509
      --> node: 27.164585
      --> node: -13.996523
    --> node: -20.946797
    --> node: 40.606997
    --> node: 48.797729
  --> node: -4.976189
    --> node: -12.077920
      --> node: 33.777067
  --> node: 16.944471
    --> node: 58.725259
    --> node: 22.646420
      --> node: -24.829183
    --> node: -6.666898
  --> node: 54.515512
  --> node: 13.174461
--> node: 2.843852
--> node: 33.055549
--> node: -21.914241
--> node: 56.711166
--> node: 38.111049
--------
arbol 2, antesDePrunear:
> node: xurnxyhga
--> node: ldnhsooi
  --> node: hcrgwdkgk
    --> node: jnvdgn
  --> node: r
    --> node: eeb
  --> node: wrmsq
  --> node: uidjhqepn
--> node: gbhpkxko
  --> node: jlyuxxyx
    --> node: nhiqjlkp
  --> node: j
    --> node: kwxbr
  --> node: qfvjfmn
  --> node: n
    --> node: jgkniamy
  --> node: tydder
    --> node: g
--> node: qfg
  --> node: l
--------
arbol 2, despuesDePrunear:
> node: xurnxyhga
--> node: qfg
  --> node: l
--------
arbol 0, antesDePrunear:
> node: -6.193126
--> node: 21.398772
  --> node: 35.257741
    --> node: 47.788510
      --> node: 47.189468
        --> node: -20.227933
          --> node: 32.303044
        --> node: 2.144762
      --> node: 42.407523
    --> node: -60.300064
      --> node: -13.940282
        --> node: 21.959153
          --> node: -24.664169
        --> node: 36.133646
        --> node: -23.398936
          --> node: 49.450991
        --> node: 25.110727
          --> node: 58.938819
          --> node: 1.850726
          --> node: 24.472599
        --> node: -9.510659
        --> node: 59.207545
        --> node: 7.181509
      --> node: 27.164585
      --> node: -13.996523
    --> node: -20.946797
    --> node: 40.606997
    --> node: 48.797729
  --> node: -4.976189
    --> node: -12.077920
      --> node: 33.777067
  --> node: 16.944471
    --> node: 58.725259
    --> node: 22.646420
      --> node: -24.829183
        --> node: 59.114675
      --> node: 65.070601
    --> node: -6.666898
  --> node: 54.515512
  --> node: 13.174461
--> node: 2.843852
--> node: 33.055549
--> node: -21.914241
--> node: 56.711166
--> node: 38.111049
--------
arbol 0, despuesDePrunear:
> node: -6.193126
--> node: 21.398772
  --> node: 35.257741
    --> node: 47.788510
      --> node: 47.189468
        --> node: -20.227933
          --> node: 32.303044
        --> node: 2.144762
      --> node: 42.407523
    --> node: -60.300064
      --> node: -13.940282
        --> node: 21.959153
          --> node: -24.664169
        --> node: 36.133646
        --> node: -23.398936
          --> node: 49.450991
        --> node: 25.110727
          --> node: 58.938819
          --> node: 1.850726
          --> node: 24.472599
        --> node: -9.510659
        --> node: 59.207545
        --> node: 7.181509
      --> node: 27.164585
      --> node: -13.996523
    --> node: -20.946797
    --> node: 40.606997
    --> node: 48.797729
  --> node: -4.976189
    --> node: -12.077920
      --> node: 33.777067
  --> node: 16.944471
    --> node: 58.725259
    --> node: 22.646420
      --> node: -24.829183
        --> node: 59.114675
    --> node: -6.666898
  --> node: 54.515512
  --> node: 13.174461
--> node: 2.843852
--> node: 33.055549
--> node: -21.914241
--> node: 56.711166
--> node: 38.111049
--------
arbol 4, antesDeMergear:
> node: lukxtrjr
--> node: rjlmb
  --> node: lw
  --> node: tf
    --> node: l
    --> node: bacsqjs
      --> node: gdhbndqn
  --> node: kxebdeqnj
--> node: y
  --> node: lhbrv
    --> node: mihrt
      --> node: jye
    --> node: ryjbhldux
  --> node: kf
--> node: m
  --> node: tibqagb
--> node: xr
  --> node: sbhpprqh
--> node: qtfkgm
--> node: g
--------
arbol 4, despuesDeMergear:
> node: lukxtrjr
--> node: rxlbbeqnj
  --> node: lw
  --> node: tacsqjs
    --> node: l
    --> node: gdhbndqn
--> node: y
  --> node: lybbvldux
    --> node: jye
  --> node: kf
--> node: mibqagb
--> node: xr
  --> node: sbhpprqh
--> node: qtfkgm
--> node: g
--------
arbol 2, antesDePrunear:
> node: xurnxyhga
--> node: qfg
  --> node: l
  --> node: ufxyxlora
    --> node: teercrnpr
  --> node: wc
--> node: gk
--------
arbol 2, despuesDePrunear:
> node: xurnxyhga
--> node: qfg
  --> node: l
  --> node: wc
--> node: gk
--------
arbol 0, destruyendoLoSiguiente:
> node: -6.193126
--> node: 21.398772
  --> node: 35.257741
    --> node: 47.788510
      --> node: 47.189468
        --> node: -20.227933
          --> node: 32.303044
        --> node: 2.144762
      --> node: 42.407523
    --> node: -60.300064
      --> node: -13.940282
        --> node: 21.959153
          --> node: -24.664169
        --> node: 36.133646
          --> node: -17.065783
        --> node: -23.398936
          --> node: 49.450991
        --> node: 25.110727
          --> node: 58.938819
          --> node: 1.850726
          --> node: 24.472599
        --> node: -9.510659
        --> node: 59.207545
        --> node: 7.181509
      --> node: 27.164585
      --> node: -13.996523
    --> node: -20.946797
    --> node: 40.606997
    --> node: 48.797729
  --> node: -4.976189
    --> node: -12.077920
      --> node: 33.777067
  --> node: 16.944471
    --> node: 58.725259
    --> node: 22.646420
      --> node: -24.829183
        --> node: 59.114675
    --> node: -6.666898
  --> node: 54.515512
  --> node: 13.174461
--> node: 2.843852
--> node: 33.055549
--> node: -21.914241
--> node: 56.711166
--> node: 38.111049
--------
arbol 2, antesDeMergear:
> node: xurnxyhga
--> node: qfg
  --> node: l
  --> node: wc
--> node: gk
--------
arbol 2, despuesDeMergear:
> node: xurnxyhga
--> node: qfg
  --> node: l
  --> node: wc
--> node: gk
--------
arbol 1, antesDePrunear:
> node: wuioimpw
--> node: ygplrvg
  --> node: iadgtwqd
    --> node: xrhl
--> node: y
  --> node: gy
    --> node: smkiexs
      --> node: fhbtmqq
--> node: rndlwdcfm
  --> node: nsr
--> node: mh
--------
arbol 1, despuesDePrunear:
> node: wuioimpw
--> node: ygplrvg
--> node: y
  --> node: gy
--> node: rndlwdcfm
  --> node: nsr
--> node: mh
--------
arbol 1, destruyendoLoSiguiente:
> node: wuioimpw
--> node: ygplrvg
  --> node: uifpce
--> node: y
  --> node: gy
  --> node: ugv
--> node: rndlwdcfm
  --> node: nsr
--> node: mh
--------
arbol 4, antesDeMergear:
> node: lukxtrjr
--> node: rxlbbeqnj
  --> node: lw
  --> node: tacsqjs
    --> node: l
    --> node: gdhbndqn
      --> node: wh
  --> node: euj
--> node: y
  --> node: lybbvldux
    --> node: jye
  --> node: kf
    --> node: j
      --> node: bwmlxfmgg
      --> node: ldoorq
  --> node: vu
--> node: mibqagb
--> node: xr
  --> node: sbhpprqh
--> node: qtfkgm
--> node: g
--------
arbol 4, despuesDeMergear:
> node: likqtgjnj
--> node: yubbvldux
  --> node: kf
    --> node: jdoorq
      --> node: bwmlxfmgg
  --> node: jye
--> node: xr
  --> node: sbhpprqh
--> node: qtfkgm
--> node: g
--> node: lw
--> node: tacsqjs
  --> node: l
  --> node: gdhbndqn
    --> node: wh
--> node: euj
--------
arbol 4, destruyendoLoSiguiente:
> node: likqtgjnj
--> node: yubbvldux
  --> node: kf
    --> node: jdoorq
      --> node: bwmlxfmgg
  --> node: jye
--> node: xr
  --> node: sbhpprqh
  --> node: fxkfcnjg
--> node: qtfkgm
  --> node: rlpio
--> node: g
--> node: lw
--> node: tacsqjs
  --> node: l
  --> node: gdhbndqn
    --> node: wh
--> node: euj
--------
arbol 2, destruyendoLoSiguiente:
> node: xurnxyhga
--> node: qfg
  --> node: l
  --> node: wc
  --> node: a
  --> node: o
--> node: gk
  --> node: cy
    --> node: iivofcq
      --> node: f
  --> node: hdtpmegp
--> node: phlpg
  --> node: h
--> node: meoylt
  --> node: xjv
--------
