arbol 3, antesDeMergear:
> node: mludkrpg
--------
arbol 3, despuesDeMergear:
> node: mludkrpg
--------
arbol 3, antesDePrunear:
> node: mludkrpg
--> node: mdyiephl
--------
arbol 3, despuesDePrunear:
> node: mludkrpg
--------
arbol 2, antesDePrunear:
> node: ufkqt
--------
arbol 2, despuesDePrunear:
> node: ufkqt
--------
arbol 2, antesDePrunear:
> node: ufkqt
--------
arbol 2, despuesDePrunear:
> node: ufkqt
--------
arbol 4, antesDePrunear:
> node: l
--> node: qahco
  --> node: oomfejgg
  --> node: shvl
--> node: okuxrf
--------
arbol 4, despuesDePrunear:
> node: l
--------
arbol 2, antesDePrunear:
> node: ufkqt
--> node: ibgyyrla
--------
arbol 2, despuesDePrunear:
> node: ufkqt
--------
arbol 0, antesDeMergear:
> node: 489
--> node: 3822
  --> node: 1271
--------
arbol 0, despuesDeMergear:
> node: 489
--> node: 3822
  --> node: 1271
--------
arbol 3, antesDePrunear:
> node: mludkrpg
--> node: ikrn
  --> node: iirmy
  --> node: wvdarpj
--> node: ddvkufxll
--------
arbol 3, despuesDePrunear:
> node: mludkrpg
--------
arbol 1, antesDePrunear:
> node: 3386
--> node: 2881
  --> node: 1604
--> node: 4666
  --> node: 650
    --> node: 7613
--> node: 8982
--------
arbol 1, despuesDePrunear:
> node: 3386
--> node: 2881
--> node: 4666
  --> node: 650
    --> node: 7613
--> node: 8982
--------
arbol 4, antesDeMergear:
> node: l
--> node: msuvqfox
--> node: raocwb
--> node: pdbfbf
--> node: aotn
--------
arbol 4, despuesDeMergear:
> node: lounqbox
--> node: pdbfbf
--------
arbol 3, antesDePrunear:
> node: mludkrpg
--> node: bktwabie
  --> node: cnagecvvc
--------
arbol 3, despuesDePrunear:
> node: mludkrpg
--------
arbol 1, antesDeMergear:
> node: 3386
--> node: 2881
--> node: 4666
  --> node: 650
    --> node: 7613
    --> node: 6338
--> node: 8982
--------
arbol 1, despuesDeMergear:
> node: 3386
--> node: 2881
--> node: 4666
  --> node: 650
    --> node: 7613
    --> node: 6338
--> node: 8982
--------
arbol 1, antesDeMergear:
> node: 3386
--> node: 2881
--> node: 4666
  --> node: 650
    --> node: 7613
    --> node: 6338
--> node: 8982
--------
arbol 1, despuesDeMergear:
> node: 3386
--> node: 2881
--> node: 4666
  --> node: 650
    --> node: 7613
    --> node: 6338
--> node: 8982
--------
arbol 1, antesDePrunear:
> node: 3386
--> node: 2881
--> node: 4666
  --> node: 650
    --> node: 7613
      --> node: 9602
    --> node: 6338
--> node: 8982
--------
arbol 1, despuesDePrunear:
> node: 3386
--> node: 2881
--> node: 4666
  --> node: 650
    --> node: 7613
      --> node: 9602
    --> node: 6338
--> node: 8982
--------
arbol 0, antesDePrunear:
> node: 489
--> node: 3822
  --> node: 1271
    --> node: 9971
      --> node: 1832
    --> node: 9794
      --> node: 56
  --> node: 419
--------
arbol 0, despuesDePrunear:
> node: 489
--> node: 3822
  --> node: 1271
    --> node: 9971
    --> node: 9794
  --> node: 419
--------
arbol 4, antesDePrunear:
> node: lounqbox
--> node: pdbfbf
  --> node: v
--> node: jxivfpt
--> node: bghk
--> node: uttotj
--------
arbol 4, despuesDePrunear:
> node: lounqbox
--> node: pdbfbf
  --> node: v
--> node: bghk
--------
arbol 4, antesDeMergear:
> node: lounqbox
--> node: pdbfbf
  --> node: v
--> node: bghk
--> node: jisbvuvns
--------
arbol 4, despuesDeMergear:
> node: liubquons
--> node: pdbfbf
  --> node: v
--> node: bghk
--------
arbol 0, antesDeMergear:
> node: 489
--> node: 3822
  --> node: 1271
    --> node: 9971
      --> node: 3218
      --> node: 265
    --> node: 9794
  --> node: 419
--------
arbol 0, despuesDeMergear:
> node: 489
--> node: 3822
  --> node: 1271
    --> node: 9971
      --> node: 3218
      --> node: 265
    --> node: 9794
  --> node: 419
--------
arbol 2, antesDePrunear:
> node: ufkqt
--> node: vshnsddae
--> node: lxhdiewo
  --> node: nwcgsfcwg
--> node: lql
  --> node: ncbod
--> node: wycjeq
  --> node: j
    --> node: dymjg
--> node: irkwr
  --> node: hb
--------
arbol 2, despuesDePrunear:
> node: ufkqt
--> node: lql
--------
arbol 3, antesDeMergear:
> node: mludkrpg
--> node: mtmsxmpe
  --> node: nrjflra
    --> node: ujh
      --> node: sqdat
    --> node: ugfx
  --> node: wtybril
    --> node: iblibn
--------
arbol 3, despuesDeMergear:
> node: mtuskmpe
--> node: nrjflra
  --> node: ujh
    --> node: sqdat
  --> node: ugfx
--> node: wtybril
  --> node: iblibn
--------
arbol 2, antesDeMergear:
> node: ufkqt
--> node: lql
  --> node: fxtiphwvl
    --> node: mmdbam
--> node: ubkfnehb
--------
arbol 2, despuesDeMergear:
> node: ubkftehb
--> node: lxliphwvl
  --> node: mmdbam
--------
arbol 0, antesDeMergear:
> node: 489
--> node: 3822
  --> node: 1271
    --> node: 9971
      --> node: 3218
        --> node: 6199
      --> node: 265
      --> node: 2278
    --> node: 9794
  --> node: 419
    --> node: 5023
--> node: 1040
--------
arbol 0, despuesDeMergear:
> node: 1529
--> node: 3822
  --> node: 1271
    --> node: 9971
      --> node: 3218
        --> node: 6199
      --> node: 265
      --> node: 2278
    --> node: 9794
  --> node: 419
    --> node: 5023
--------
arbol 1, antesDeMergear:
> node: 3386
--> node: 2881
  --> node: 2753
  --> node: 5907
    --> node: 4060
--> node: 4666
  --> node: 650
    --> node: 7613
      --> node: 9602
      --> node: 1144
    --> node: 6338
      --> node: 6422
  --> node: 596
--> node: 8982
--> node: 9548
  --> node: 6595
--------
arbol 1, despuesDeMergear:
> node: 12934
--> node: 2881
  --> node: 2753
  --> node: 9967
--> node: 5262
  --> node: 650
    --> node: 8757
      --> node: 9602
    --> node: 6338
      --> node: 6422
--> node: 8982
--> node: 6595
--------
arbol 4, antesDeMergear:
> node: liubquons
--> node: pdbfbf
  --> node: v
    --> node: mkmbaey
    --> node: jo
      --> node: ospxcdot
  --> node: mmqnux
    --> node: vtkymqbh
      --> node: eryqmt
  --> node: ngjvnxf
  --> node: mv
    --> node: lswrkqpn
      --> node: ygmib
        --> node: drhgsnkap
--> node: bghk
--------
arbol 4, despuesDeMergear:
> node: liubquons
--> node: pmbnbx
  --> node: vombaey
    --> node: ospxcdot
  --> node: ngjvnxf
  --> node: mv
    --> node: lgwikqpn
      --> node: drhgsnkap
  --> node: vtkymqbh
    --> node: eryqmt
--> node: bghk
--------
arbol 2, antesDeMergear:
> node: ubkftehb
--> node: lxliphwvl
  --> node: mmdbam
    --> node: ulsvwdrrh
      --> node: huqnuvq
        --> node: amvoipp
  --> node: ely
--------
arbol 2, despuesDeMergear:
> node: uxkithhvl
--> node: mmdbam
  --> node: ulsvwdrrh
    --> node: huqnuvq
      --> node: amvoipp
--> node: ely
--------
arbol 1, antesDePrunear:
> node: 12934
--> node: 2881
  --> node: 2753
  --> node: 9967
  --> node: 7300
--> node: 5262
  --> node: 650
    --> node: 8757
      --> node: 9602
    --> node: 6338
      --> node: 6422
--> node: 8982
--> node: 6595
  --> node: 7069
--> node: 4293
--------
arbol 1, despuesDePrunear:
> node: 12934
--> node: 2881
  --> node: 2753
  --> node: 9967
  --> node: 7300
--> node: 5262
  --> node: 650
    --> node: 8757
      --> node: 9602
    --> node: 6338
      --> node: 6422
--> node: 8982
--> node: 6595
  --> node: 7069
--> node: 4293
--------
arbol 0, antesDePrunear:
> node: 1529
--> node: 3822
  --> node: 1271
    --> node: 9971
      --> node: 3218
        --> node: 6199
      --> node: 265
        --> node: 4112
      --> node: 2278
    --> node: 9794
      --> node: 2625
        --> node: 9681
  --> node: 419
    --> node: 5023
    --> node: 491
  --> node: 6722
--> node: 6355
--> node: 6433
--------
arbol 0, despuesDePrunear:
> node: 1529
--> node: 3822
  --> node: 1271
    --> node: 9971
      --> node: 3218
        --> node: 6199
      --> node: 265
      --> node: 2278
    --> node: 9794
      --> node: 2625
        --> node: 9681
  --> node: 419
    --> node: 5023
    --> node: 491
  --> node: 6722
--> node: 6355
--> node: 6433
--------
arbol 3, antesDePrunear:
> node: mtuskmpe
--> node: nrjflra
  --> node: ujh
    --> node: sqdat
  --> node: ugfx
    --> node: bskof
    --> node: caijitx
  --> node: h
    --> node: paqk
      --> node: mxwfpnd
  --> node: nmy
    --> node: nsvs
--> node: wtybril
  --> node: iblibn
    --> node: up
    --> node: oqhupcxy
--------
arbol 3, despuesDePrunear:
> node: mtuskmpe
--------
arbol 4, antesDeMergear:
> node: liubquons
--> node: pmbnbx
  --> node: vombaey
    --> node: ospxcdot
  --> node: ngjvnxf
    --> node: he
      --> node: wrxluaqts
    --> node: donrv
  --> node: mv
    --> node: lgwikqpn
      --> node: drhgsnkap
  --> node: vtkymqbh
    --> node: eryqmt
--> node: bghk
--> node: hfwc
--------
arbol 4, despuesDeMergear:
> node: liubquons
--> node: pobbbey
  --> node: nojrnxf
    --> node: wrxluaqts
  --> node: mgwikqpn
    --> node: drhgsnkap
  --> node: vrkqmtbh
  --> node: ospxcdot
--> node: bghk
--> node: hfwc
--------
arbol 1, antesDeMergear:
> node: 12934
--> node: 2881
  --> node: 2753
    --> node: 2567
  --> node: 9967
  --> node: 7300
  --> node: 3596
--> node: 5262
  --> node: 650
    --> node: 8757
      --> node: 9602
    --> node: 6338
      --> node: 6422
        --> node: 690
        --> node: 2310
--> node: 8982
--> node: 6595
  --> node: 7069
--> node: 4293
--------
arbol 1, despuesDeMergear:
> node: 12934
--> node: 6477
  --> node: 2753
    --> node: 2567
  --> node: 9967
  --> node: 7300
--> node: 5262
  --> node: 650
    --> node: 8757
      --> node: 9602
    --> node: 6338
      --> node: 6422
        --> node: 690
        --> node: 2310
--> node: 8982
--> node: 6595
  --> node: 7069
--> node: 4293
--------
arbol 4, antesDePrunear:
> node: liubquons
--> node: pobbbey
  --> node: nojrnxf
    --> node: wrxluaqts
      --> node: qnmp
  --> node: mgwikqpn
    --> node: drhgsnkap
  --> node: vrkqmtbh
  --> node: ospxcdot
  --> node: ebfjjcuy
--> node: bghk
--> node: hfwc
--------
arbol 4, despuesDePrunear:
> node: liubquons
--> node: bghk
--> node: hfwc
--------
arbol 4, antesDePrunear:
> node: liubquons
--> node: bghk
--> node: hfwc
--------
arbol 4, despuesDePrunear:
> node: liubquons
--> node: bghk
--> node: hfwc
--------
arbol 2, antesDeMergear:
> node: uxkithhvl
--> node: mmdbam
  --> node: ulsvwdrrh
    --> node: huqnuvq
      --> node: amvoipp
      --> node: aqgusl
      --> node: sfen
    --> node: rgpxyvc
      --> node: msmg
        --> node: fqsdse
          --> node: p
      --> node: mqc
  --> node: htuewjgy
--> node: ely
--------
arbol 2, despuesDeMergear:
> node: ulkbtmhvl
--> node: ulsvwdrrh
  --> node: huqnuvq
    --> node: amvoipp
    --> node: aqgusl
    --> node: sfen
  --> node: rgpxyvc
    --> node: msmg
      --> node: fqsdse
        --> node: p
    --> node: mqc
--> node: htuewjgy
--------
arbol 3, antesDeMergear:
> node: mtuskmpe
--> node: cw
  --> node: lflvayujm
    --> node: kfnm
  --> node: fxrfdhfll
    --> node: csondrdx
  --> node: a
  --> node: nry
--> node: ehbcqtylq
  --> node: syfe
    --> node: ckitnyhne
--> node: dgxpl
--------
arbol 3, despuesDeMergear:
> node: mhucktplq
--> node: cflvayujm
  --> node: fsrndrfxl
  --> node: nry
  --> node: kfnm
--> node: dgxpl
--> node: syfe
  --> node: ckitnyhne
--------
arbol 0, antesDeMergear:
> node: 1529
--> node: 3822
  --> node: 1271
    --> node: 9971
      --> node: 3218
        --> node: 6199
          --> node: 7792
          --> node: 2692
      --> node: 265
        --> node: 3194
      --> node: 2278
    --> node: 9794
      --> node: 2625
        --> node: 9681
          --> node: 2785
    --> node: 840
  --> node: 419
    --> node: 5023
      --> node: 18
    --> node: 491
  --> node: 6722
--> node: 6355
--> node: 6433
--------
arbol 0, despuesDeMergear:
> node: 1529
--> node: 3822
  --> node: 2111
    --> node: 9971
      --> node: 3218
        --> node: 16683
      --> node: 265
        --> node: 3194
      --> node: 2278
    --> node: 9794
      --> node: 2625
        --> node: 9681
          --> node: 2785
  --> node: 419
    --> node: 5023
      --> node: 18
    --> node: 491
  --> node: 6722
--> node: 6355
--> node: 6433
--------
arbol 2, antesDeMergear:
> node: ulkbtmhvl
--> node: ulsvwdrrh
  --> node: huqnuvq
    --> node: amvoipp
    --> node: aqgusl
    --> node: sfen
      --> node: xtybuyq
        --> node: kdhqb
      --> node: maoilljfg
  --> node: rgpxyvc
    --> node: msmg
      --> node: fqsdse
        --> node: p
          --> node: rkx
    --> node: mqc
      --> node: b
    --> node: m
--> node: htuewjgy
--> node: rfxc
--------
arbol 2, despuesDeMergear:
> node: utketjhyl
--> node: rfxc
--> node: huqnuvq
  --> node: amvoipp
  --> node: aqgusl
  --> node: sfen
    --> node: xtybuyq
      --> node: kdhqb
    --> node: maoilljfg
--> node: rgpxyvc
  --> node: msmg
    --> node: fqsdse
      --> node: p
        --> node: rkx
  --> node: mqc
    --> node: b
  --> node: m
--------
arbol 4, antesDeMergear:
> node: liubquons
--> node: bghk
  --> node: fwwxvg
--> node: hfwc
  --> node: tllvyilej
--> node: dbod
--> node: ul
--------
arbol 4, despuesDeMergear:
> node: lludquons
--> node: bghk
  --> node: fwwxvg
--> node: hlwvyilej
--------
arbol 3, antesDeMergear:
> node: mhucktplq
--> node: cflvayujm
  --> node: fsrndrfxl
    --> node: uprp
  --> node: nry
    --> node: cv
  --> node: kfnm
  --> node: nnwhc
--> node: dgxpl
  --> node: ivisfq
--> node: syfe
  --> node: ckitnyhne
    --> node: hk
--------
arbol 3, despuesDeMergear:
> node: myuekypjq
--> node: dvxslq
--> node: fsrndrfxl
  --> node: uprp
--> node: nry
  --> node: cv
--> node: kfnm
--> node: nnwhc
--> node: ckitnyhne
  --> node: hk
--------
arbol 0, antesDePrunear:
> node: 1529
--> node: 3822
  --> node: 2111
    --> node: 9971
      --> node: 3218
        --> node: 16683
          --> node: 9157
      --> node: 265
        --> node: 3194
      --> node: 2278
        --> node: 553
          --> node: 7869
    --> node: 9794
      --> node: 2625
        --> node: 9681
          --> node: 2785
        --> node: 7550
      --> node: 5992
        --> node: 7454
  --> node: 419
    --> node: 5023
      --> node: 18
      --> node: 2748
    --> node: 491
      --> node: 3931
    --> node: 8350
    --> node: 4623
  --> node: 6722
    --> node: 6205
--> node: 6355
--> node: 6433
  --> node: 3075
--> node: 9858
--------
arbol 0, despuesDePrunear:
> node: 1529
--> node: 3822
  --> node: 2111
    --> node: 9971
      --> node: 3218
        --> node: 16683
          --> node: 9157
      --> node: 265
        --> node: 3194
      --> node: 2278
        --> node: 553
          --> node: 7869
    --> node: 9794
      --> node: 2625
        --> node: 9681
          --> node: 2785
        --> node: 7550
  --> node: 419
    --> node: 5023
      --> node: 18
    --> node: 491
      --> node: 3931
    --> node: 8350
    --> node: 4623
  --> node: 6722
    --> node: 6205
--> node: 6355
--> node: 6433
  --> node: 3075
--> node: 9858
--------
arbol 1, antesDePrunear:
> node: 12934
--> node: 6477
  --> node: 2753
    --> node: 2567
  --> node: 9967
    --> node: 4786
  --> node: 7300
    --> node: 9346
--> node: 5262
  --> node: 650
    --> node: 8757
      --> node: 9602
        --> node: 9843
          --> node: 9341
    --> node: 6338
      --> node: 6422
        --> node: 690
        --> node: 2310
    --> node: 8025
  --> node: 8494
--> node: 8982
--> node: 6595
  --> node: 7069
--> node: 4293
--> node: 4779
--> node: 3823
--------
arbol 1, despuesDePrunear:
> node: 12934
--> node: 6477
  --> node: 2753
    --> node: 2567
  --> node: 9967
    --> node: 4786
  --> node: 7300
    --> node: 9346
--> node: 5262
  --> node: 650
    --> node: 8757
      --> node: 9602
        --> node: 9843
          --> node: 9341
    --> node: 6338
      --> node: 6422
        --> node: 690
        --> node: 2310
    --> node: 8025
  --> node: 8494
--> node: 8982
--> node: 6595
  --> node: 7069
--> node: 4293
--> node: 4779
--> node: 3823
--------
arbol 3, antesDeMergear:
> node: myuekypjq
--> node: dvxslq
  --> node: qjdedsoq
  --> node: kcyht
--> node: fsrndrfxl
  --> node: uprp
  --> node: hoaat
--> node: nry
  --> node: cv
--> node: kfnm
--> node: nnwhc
--> node: ckitnyhne
  --> node: hk
--------
arbol 3, despuesDeMergear:
> node: mkutkypnq
--> node: djxelsoq
  --> node: kcyht
--> node: foradrfxl
--> node: nry
  --> node: cv
--> node: kfnm
--> node: nnwhc
--> node: hk
--------
arbol 4, antesDePrunear:
> node: lludquons
--> node: bghk
  --> node: fwwxvg
    --> node: nqpraqw
    --> node: yhj
--> node: hlwvyilej
  --> node: g
    --> node: wr
    --> node: n
    --> node: c
  --> node: yupxhiaqo
    --> node: wvotqioie
  --> node: jbdrids
--> node: p
--> node: g
--------
arbol 4, despuesDePrunear:
> node: lludquons
--> node: bghk
  --> node: fwwxvg
    --> node: yhj
--> node: p
--> node: g
--------
arbol 2, antesDePrunear:
> node: utketjhyl
--> node: rfxc
  --> node: mcuafamd
--> node: huqnuvq
  --> node: amvoipp
  --> node: aqgusl
    --> node: kqrk
    --> node: qudhuyfg
  --> node: sfen
    --> node: xtybuyq
      --> node: kdhqb
    --> node: maoilljfg
    --> node: kujxcel
  --> node: rnoec
--> node: rgpxyvc
  --> node: msmg
    --> node: fqsdse
      --> node: p
        --> node: rkx
  --> node: mqc
    --> node: b
      --> node: vv
      --> node: d
  --> node: m
  --> node: tsgurbu
--------
arbol 2, despuesDePrunear:
> node: utketjhyl
--> node: rfxc
--> node: rgpxyvc
  --> node: msmg
  --> node: mqc
    --> node: b
      --> node: vv
      --> node: d
  --> node: m
--------
arbol 3, antesDePrunear:
> node: mkutkypnq
--> node: djxelsoq
  --> node: kcyht
  --> node: tvl
--> node: foradrfxl
--> node: nry
  --> node: cv
--> node: kfnm
--> node: nnwhc
--> node: hk
--------
arbol 3, despuesDePrunear:
> node: mkutkypnq
--> node: nry
  --> node: cv
--> node: kfnm
--> node: nnwhc
--> node: hk
--------
arbol 4, destruyendoLoSiguiente:
> node: lludquons
--> node: bghk
  --> node: fwwxvg
    --> node: yhj
      --> node: sdjsaa
        --> node: rkasp
    --> node: ur
  --> node: g
--> node: p
--> node: g
--------
arbol 1, antesDePrunear:
> node: 12934
--> node: 6477
  --> node: 2753
    --> node: 2567
  --> node: 9967
    --> node: 4786
  --> node: 7300
    --> node: 9346
    --> node: 3933
    --> node: 9199
--> node: 5262
  --> node: 650
    --> node: 8757
      --> node: 9602
        --> node: 9843
          --> node: 9341
        --> node: 8071
    --> node: 6338
      --> node: 6422
        --> node: 690
          --> node: 8409
        --> node: 2310
    --> node: 8025
    --> node: 2281
  --> node: 8494
--> node: 8982
--> node: 6595
  --> node: 7069
--> node: 4293
--> node: 4779
--> node: 3823
--> node: 7916
--------
arbol 1, despuesDePrunear:
> node: 12934
--> node: 6477
  --> node: 2753
    --> node: 2567
  --> node: 9967
    --> node: 4786
  --> node: 7300
    --> node: 9346
    --> node: 3933
    --> node: 9199
--> node: 5262
  --> node: 650
    --> node: 8757
      --> node: 9602
        --> node: 9843
          --> node: 9341
        --> node: 8071
    --> node: 6338
      --> node: 6422
        --> node: 690
          --> node: 8409
        --> node: 2310
    --> node: 8025
    --> node: 2281
  --> node: 8494
--> node: 8982
--> node: 6595
  --> node: 7069
--> node: 4293
--> node: 4779
--> node: 3823
--------
arbol 2, antesDeMergear:
> node: utketjhyl
--> node: rfxc
--> node: rgpxyvc
  --> node: msmg
    --> node: he
  --> node: mqc
    --> node: b
      --> node: vv
      --> node: d
  --> node: m
  --> node: wvxqpfi
  --> node: rwshtbo
--------
arbol 2, despuesDeMergear:
> node: utketjhyl
--> node: rfxc
--> node: rwphybc
  --> node: memg
  --> node: mqc
    --> node: b
      --> node: vv
      --> node: d
  --> node: m
--------
arbol 0, antesDeMergear:
> node: 1529
--> node: 3822
  --> node: 2111
    --> node: 9971
      --> node: 3218
        --> node: 16683
          --> node: 9157
        --> node: 9348
      --> node: 265
        --> node: 3194
      --> node: 2278
        --> node: 553
          --> node: 7869
          --> node: 7474
    --> node: 9794
      --> node: 2625
        --> node: 9681
          --> node: 2785
            --> node: 8372
        --> node: 7550
  --> node: 419
    --> node: 5023
      --> node: 18
    --> node: 491
      --> node: 3931
    --> node: 8350
    --> node: 4623
  --> node: 6722
    --> node: 6205
--> node: 6355
  --> node: 7813
--> node: 6433
  --> node: 3075
    --> node: 2500
--> node: 9858
--------
arbol 0, despuesDeMergear:
> node: 1529
--> node: 3822
  --> node: 2111
    --> node: 9971
      --> node: 12566
        --> node: 16683
          --> node: 9157
      --> node: 265
        --> node: 3194
      --> node: 2278
        --> node: 553
          --> node: 7869
          --> node: 7474
    --> node: 9794
      --> node: 2625
        --> node: 9681
          --> node: 11157
        --> node: 7550
  --> node: 419
    --> node: 5023
      --> node: 18
    --> node: 491
      --> node: 3931
    --> node: 8350
    --> node: 4623
  --> node: 6722
    --> node: 6205
--> node: 6355
  --> node: 7813
--> node: 6433
  --> node: 3075
    --> node: 2500
--> node: 9858
--------
arbol 3, destruyendoLoSiguiente:
> node: mkutkypnq
--> node: nry
  --> node: cv
    --> node: wsypyeywv
    --> node: mlpseg
--> node: kfnm
--> node: nnwhc
--> node: hk
--> node: qj
--> node: hijtp
  --> node: a
--> node: dm
--------
arbol 0, antesDePrunear:
> node: 1529
--> node: 3822
  --> node: 2111
    --> node: 9971
      --> node: 12566
        --> node: 16683
          --> node: 9157
      --> node: 265
        --> node: 3194
      --> node: 2278
        --> node: 553
          --> node: 7869
          --> node: 7474
    --> node: 9794
      --> node: 2625
        --> node: 9681
          --> node: 11157
        --> node: 7550
  --> node: 419
    --> node: 5023
      --> node: 18
    --> node: 491
      --> node: 3931
    --> node: 8350
    --> node: 4623
  --> node: 6722
    --> node: 6205
--> node: 6355
  --> node: 7813
--> node: 6433
  --> node: 3075
    --> node: 2500
--> node: 9858
--------
arbol 0, despuesDePrunear:
> node: 1529
--> node: 3822
  --> node: 2111
    --> node: 9971
      --> node: 12566
        --> node: 16683
          --> node: 9157
      --> node: 265
        --> node: 3194
      --> node: 2278
        --> node: 553
          --> node: 7869
          --> node: 7474
    --> node: 9794
      --> node: 2625
        --> node: 9681
          --> node: 11157
        --> node: 7550
  --> node: 419
    --> node: 5023
      --> node: 18
    --> node: 491
      --> node: 3931
    --> node: 8350
    --> node: 4623
  --> node: 6722
    --> node: 6205
--> node: 6355
  --> node: 7813
--> node: 6433
  --> node: 3075
    --> node: 2500
--> node: 9858
--------
arbol 0, antesDePrunear:
> node: 1529
--> node: 3822
  --> node: 2111
    --> node: 9971
      --> node: 12566
        --> node: 16683
          --> node: 9157
      --> node: 265
        --> node: 3194
      --> node: 2278
        --> node: 553
          --> node: 7869
          --> node: 7474
    --> node: 9794
      --> node: 2625
        --> node: 9681
          --> node: 11157
        --> node: 7550
  --> node: 419
    --> node: 5023
      --> node: 18
    --> node: 491
      --> node: 3931
    --> node: 8350
    --> node: 4623
  --> node: 6722
    --> node: 6205
--> node: 6355
  --> node: 7813
--> node: 6433
  --> node: 3075
    --> node: 2500
--> node: 9858
--------
arbol 0, despuesDePrunear:
> node: 1529
--> node: 3822
  --> node: 2111
    --> node: 9971
      --> node: 12566
        --> node: 16683
          --> node: 9157
      --> node: 265
        --> node: 3194
      --> node: 2278
        --> node: 553
          --> node: 7869
          --> node: 7474
    --> node: 9794
      --> node: 2625
        --> node: 9681
          --> node: 11157
        --> node: 7550
  --> node: 419
    --> node: 5023
      --> node: 18
    --> node: 491
      --> node: 3931
    --> node: 8350
    --> node: 4623
  --> node: 6722
    --> node: 6205
--> node: 6355
  --> node: 7813
--> node: 6433
  --> node: 3075
    --> node: 2500
--> node: 9858
--------
arbol 2, destruyendoLoSiguiente:
> node: utketjhyl
--> node: rfxc
  --> node: xtebj
  --> node: pxgkkkrbn
    --> node: mx
--> node: rwphybc
  --> node: memg
  --> node: mqc
    --> node: b
      --> node: vv
      --> node: d
        --> node: dmnhqyhrg
        --> node: jxkpxv
  --> node: m
--------
arbol 0, destruyendoLoSiguiente:
> node: 1529
--> node: 3822
  --> node: 2111
    --> node: 9971
      --> node: 12566
        --> node: 16683
          --> node: 9157
            --> node: 6327
      --> node: 265
        --> node: 3194
        --> node: 1343
      --> node: 2278
        --> node: 553
          --> node: 7869
          --> node: 7474
    --> node: 9794
      --> node: 2625
        --> node: 9681
          --> node: 11157
        --> node: 7550
    --> node: 266
  --> node: 419
    --> node: 5023
      --> node: 18
    --> node: 491
      --> node: 3931
        --> node: 2747
    --> node: 8350
    --> node: 4623
  --> node: 6722
    --> node: 6205
--> node: 6355
  --> node: 7813
    --> node: 6327
--> node: 6433
  --> node: 3075
    --> node: 2500
--> node: 9858
--------
arbol 1, antesDeMergear:
> node: 12934
--> node: 6477
  --> node: 2753
    --> node: 2567
  --> node: 9967
    --> node: 4786
      --> node: 5193
  --> node: 7300
    --> node: 9346
      --> node: 3607
    --> node: 3933
    --> node: 9199
      --> node: 3977
    --> node: 4074
--> node: 5262
  --> node: 650
    --> node: 8757
      --> node: 9602
        --> node: 9843
          --> node: 9341
            --> node: 3077
        --> node: 8071
    --> node: 6338
      --> node: 6422
        --> node: 690
          --> node: 8409
        --> node: 2310
          --> node: 1811
    --> node: 8025
      --> node: 1865
    --> node: 2281
  --> node: 8494
    --> node: 7341
    --> node: 5847
--> node: 8982
  --> node: 4316
--> node: 6595
  --> node: 7069
--> node: 4293
--> node: 4779
--> node: 3823
--------
arbol 1, despuesDeMergear:
> node: 12934
--> node: 6477
  --> node: 2753
    --> node: 2567
  --> node: 9967
    --> node: 4786
      --> node: 5193
  --> node: 7300
    --> node: 9346
      --> node: 3607
    --> node: 3933
    --> node: 9199
      --> node: 3977
    --> node: 4074
--> node: 5262
  --> node: 650
    --> node: 8757
      --> node: 9602
        --> node: 9843
          --> node: 9341
            --> node: 3077
        --> node: 8071
    --> node: 6338
      --> node: 6422
        --> node: 690
          --> node: 8409
        --> node: 2310
          --> node: 1811
    --> node: 8025
      --> node: 1865
    --> node: 2281
  --> node: 8494
    --> node: 7341
    --> node: 5847
--> node: 13298
--> node: 6595
  --> node: 7069
--> node: 4293
--> node: 4779
--> node: 3823
--------
arbol 1, destruyendoLoSiguiente:
> node: 12934
--> node: 6477
  --> node: 2753
    --> node: 2567
  --> node: 9967
    --> node: 4786
      --> node: 5193
  --> node: 7300
    --> node: 9346
      --> node: 3607
    --> node: 3933
    --> node: 9199
      --> node: 3977
    --> node: 4074
--> node: 5262
  --> node: 650
    --> node: 8757
      --> node: 9602
        --> node: 9843
          --> node: 9341
            --> node: 3077
        --> node: 8071
    --> node: 6338
      --> node: 6422
        --> node: 690
          --> node: 8409
            --> node: 300
          --> node: 4948
        --> node: 2310
          --> node: 1811
    --> node: 8025
      --> node: 1865
    --> node: 2281
  --> node: 8494
    --> node: 7341
    --> node: 5847
--> node: 13298
--> node: 6595
  --> node: 7069
--> node: 4293
--> node: 4779
--> node: 3823
--------
