arbol 4, antesDePrunear:
> node: 9305
--> node: 3007
--------
arbol 4, despuesDePrunear:
> node: 9305
--> node: 3007
--------
arbol 1, antesDePrunear:
> node: 6751
--> node: 1866
--> node: 5077
--> node: 6906
--------
arbol 1, despuesDePrunear:
> node: 6751
--> node: 1866
--> node: 5077
--> node: 6906
--------
arbol 1, antesDePrunear:
> node: 6751
--> node: 1866
  --> node: 1955
    --> node: 5798
--> node: 5077
--> node: 6906
  --> node: 4133
--------
arbol 1, despuesDePrunear:
> node: 6751
--> node: 1866
  --> node: 1955
    --> node: 5798
--> node: 5077
--> node: 6906
  --> node: 4133
--------
arbol 0, antesDePrunear:
> node: 3843
--> node: 149
--> node: 154
--------
arbol 0, despuesDePrunear:
> node: 3843
--> node: 149
--> node: 154
--------
arbol 2, antesDePrunear:
> node: lqgjlu
--> node: bcbcem
--------
arbol 2, despuesDePrunear:
> node: lqgjlu
--------
arbol 2, antesDeMergear:
> node: lqgjlu
--> node: ncnycrp
--------
arbol 2, despuesDeMergear:
> node: lqgjlu
--> node: ncnycrp
--------
arbol 1, antesDeMergear:
> node: 6751
--> node: 1866
  --> node: 1955
    --> node: 5798
    --> node: 3446
--> node: 5077
--> node: 6906
  --> node: 4133
--> node: 6178
--> node: 7951
--------
arbol 1, despuesDeMergear:
> node: 6751
--> node: 1866
  --> node: 1955
    --> node: 5798
    --> node: 3446
--> node: 5077
--> node: 6906
  --> node: 4133
--> node: 6178
--> node: 7951
--------
arbol 0, antesDeMergear:
> node: 3843
--> node: 149
  --> node: 450
--> node: 154
  --> node: 5900
  --> node: 9785
    --> node: 6661
    --> node: 7510
  --> node: 982
--------
arbol 0, despuesDeMergear:
> node: 3843
--> node: 149
  --> node: 450
--> node: 154
  --> node: 5900
  --> node: 9785
    --> node: 6661
    --> node: 7510
  --> node: 982
--------
arbol 4, antesDePrunear:
> node: 9305
--> node: 3007
  --> node: 8628
    --> node: 5497
      --> node: 8308
    --> node: 6382
  --> node: 1406
--> node: 7366
  --> node: 5409
--------
arbol 4, despuesDePrunear:
> node: 9305
--> node: 3007
  --> node: 1406
--> node: 7366
  --> node: 5409
--------
arbol 4, antesDePrunear:
> node: 9305
--> node: 3007
  --> node: 1406
--> node: 7366
  --> node: 5409
--------
arbol 4, despuesDePrunear:
> node: 9305
--> node: 3007
  --> node: 1406
--> node: 7366
  --> node: 5409
--------
arbol 2, antesDeMergear:
> node: lqgjlu
--> node: ncnycrp
  --> node: mydt
--------
arbol 2, despuesDeMergear:
> node: lqgjlu
--> node: ncnycrp
  --> node: mydt
--------
arbol 4, antesDeMergear:
> node: 9305
--> node: 3007
  --> node: 1406
--> node: 7366
  --> node: 5409
    --> node: 2690
    --> node: 910
    --> node: 1793
  --> node: 1105
--> node: 1355
--> node: 8187
--------
arbol 4, despuesDeMergear:
> node: 9305
--> node: 3007
  --> node: 1406
--> node: 7366
  --> node: 5409
    --> node: 2690
    --> node: 910
    --> node: 1793
  --> node: 1105
--> node: 1355
--> node: 8187
--------
arbol 3, antesDePrunear:
> node: 8342
--> node: 2854
  --> node: 3991
    --> node: 5814
    --> node: 1373
    --> node: 1742
  --> node: 638
  --> node: 2265
--> node: 4853
  --> node: 6949
    --> node: 8119
  --> node: 1
    --> node: 571
--> node: 8539
--------
arbol 3, despuesDePrunear:
> node: 8342
--> node: 2854
  --> node: 3991
    --> node: 5814
    --> node: 1373
    --> node: 1742
  --> node: 638
  --> node: 2265
--> node: 4853
  --> node: 6949
    --> node: 8119
  --> node: 1
    --> node: 571
--> node: 8539
--------
arbol 0, antesDePrunear:
> node: 3843
--> node: 149
  --> node: 450
    --> node: 3512
      --> node: 3020
      --> node: 5369
      --> node: 2877
    --> node: 1235
--> node: 154
  --> node: 5900
  --> node: 9785
    --> node: 6661
      --> node: 7668
        --> node: 7294
    --> node: 7510
  --> node: 982
    --> node: 9845
    --> node: 3255
  --> node: 9160
--> node: 2833
--------
arbol 0, despuesDePrunear:
> node: 3843
--> node: 149
  --> node: 450
    --> node: 1235
--> node: 154
  --> node: 5900
  --> node: 9785
    --> node: 6661
    --> node: 7510
  --> node: 982
    --> node: 9845
    --> node: 3255
--> node: 2833
--------
arbol 1, antesDeMergear:
> node: 6751
--> node: 1866
  --> node: 1955
    --> node: 5798
      --> node: 377
        --> node: 3834
        --> node: 9382
      --> node: 1265
    --> node: 3446
      --> node: 7176
        --> node: 8365
          --> node: 5958
  --> node: 7622
--> node: 5077
--> node: 6906
  --> node: 4133
    --> node: 4397
  --> node: 4010
--> node: 6178
--> node: 7951
--> node: 3875
  --> node: 6406
  --> node: 9678
  --> node: 3147
--> node: 1650
--------
arbol 1, despuesDeMergear:
> node: 6751
--> node: 1866
  --> node: 1955
    --> node: 5798
      --> node: 377
        --> node: 3834
        --> node: 9382
      --> node: 1265
    --> node: 10622
      --> node: 8365
        --> node: 5958
  --> node: 7622
--> node: 5077
--> node: 6906
  --> node: 4133
    --> node: 4397
  --> node: 4010
--> node: 6178
--> node: 7951
--> node: 3875
  --> node: 6406
  --> node: 9678
  --> node: 3147
--> node: 1650
--------
arbol 1, antesDeMergear:
> node: 6751
--> node: 1866
  --> node: 1955
    --> node: 5798
      --> node: 377
        --> node: 3834
        --> node: 9382
      --> node: 1265
    --> node: 10622
      --> node: 8365
        --> node: 5958
  --> node: 7622
--> node: 5077
--> node: 6906
  --> node: 4133
    --> node: 4397
  --> node: 4010
--> node: 6178
--> node: 7951
--> node: 3875
  --> node: 6406
  --> node: 9678
  --> node: 3147
--> node: 1650
--------
arbol 1, despuesDeMergear:
> node: 6751
--> node: 1866
  --> node: 1955
    --> node: 5798
      --> node: 377
        --> node: 3834
        --> node: 9382
      --> node: 1265
    --> node: 10622
      --> node: 8365
        --> node: 5958
  --> node: 7622
--> node: 5077
--> node: 6906
  --> node: 4133
    --> node: 4397
  --> node: 4010
--> node: 6178
--> node: 7951
--> node: 3875
  --> node: 6406
  --> node: 9678
  --> node: 3147
--> node: 1650
--------
arbol 0, antesDeMergear:
> node: 3843
--> node: 149
  --> node: 450
    --> node: 1235
--> node: 154
  --> node: 5900
  --> node: 9785
    --> node: 6661
      --> node: 1053
    --> node: 7510
  --> node: 982
    --> node: 9845
    --> node: 3255
--> node: 2833
--------
arbol 0, despuesDeMergear:
> node: 3843
--> node: 149
  --> node: 450
    --> node: 1235
--> node: 154
  --> node: 5900
  --> node: 9785
    --> node: 6661
      --> node: 1053
    --> node: 7510
  --> node: 982
    --> node: 9845
    --> node: 3255
--> node: 2833
--------
arbol 4, antesDeMergear:
> node: 9305
--> node: 3007
  --> node: 1406
  --> node: 1420
  --> node: 2600
  --> node: 5695
--> node: 7366
  --> node: 5409
    --> node: 2690
      --> node: 2240
    --> node: 910
    --> node: 1793
    --> node: 2093
  --> node: 1105
    --> node: 9626
--> node: 1355
  --> node: 7119
--> node: 8187
--------
arbol 4, despuesDeMergear:
> node: 9305
--> node: 4427
  --> node: 1406
  --> node: 2600
  --> node: 5695
--> node: 7366
  --> node: 5409
    --> node: 4930
    --> node: 910
    --> node: 1793
    --> node: 2093
  --> node: 1105
    --> node: 9626
--> node: 1355
  --> node: 7119
--> node: 8187
--------
arbol 0, antesDePrunear:
> node: 3843
--> node: 149
  --> node: 450
    --> node: 1235
--> node: 154
  --> node: 5900
  --> node: 9785
    --> node: 6661
      --> node: 1053
    --> node: 7510
    --> node: 7136
      --> node: 3178
  --> node: 982
    --> node: 9845
    --> node: 3255
    --> node: 3024
--> node: 2833
--------
arbol 0, despuesDePrunear:
> node: 3843
--> node: 149
  --> node: 450
    --> node: 1235
--> node: 154
  --> node: 5900
  --> node: 9785
    --> node: 6661
      --> node: 1053
    --> node: 7510
  --> node: 982
    --> node: 9845
    --> node: 3255
--> node: 2833
--------
arbol 3, antesDePrunear:
> node: 8342
--> node: 2854
  --> node: 3991
    --> node: 5814
      --> node: 2193
        --> node: 4107
          --> node: 4751
    --> node: 1373
      --> node: 5747
    --> node: 1742
  --> node: 638
    --> node: 7632
  --> node: 2265
--> node: 4853
  --> node: 6949
    --> node: 8119
  --> node: 1
    --> node: 571
--> node: 8539
--> node: 6568
--> node: 186
--------
arbol 3, despuesDePrunear:
> node: 8342
--> node: 2854
  --> node: 3991
    --> node: 5814
      --> node: 2193
        --> node: 4107
          --> node: 4751
    --> node: 1373
      --> node: 5747
    --> node: 1742
  --> node: 638
  --> node: 2265
--> node: 4853
  --> node: 6949
    --> node: 8119
  --> node: 1
    --> node: 571
--> node: 8539
--> node: 186
--------
arbol 4, antesDePrunear:
> node: 9305
--> node: 4427
  --> node: 1406
  --> node: 2600
  --> node: 5695
--> node: 7366
  --> node: 5409
    --> node: 4930
    --> node: 910
      --> node: 9041
    --> node: 1793
    --> node: 2093
  --> node: 1105
    --> node: 9626
--> node: 1355
  --> node: 7119
    --> node: 7169
--> node: 8187
--------
arbol 4, despuesDePrunear:
> node: 9305
--> node: 4427
  --> node: 1406
  --> node: 2600
  --> node: 5695
--> node: 7366
  --> node: 5409
    --> node: 4930
    --> node: 910
      --> node: 9041
    --> node: 1793
    --> node: 2093
  --> node: 1105
    --> node: 9626
--> node: 1355
  --> node: 7119
    --> node: 7169
--> node: 8187
--------
arbol 4, antesDeMergear:
> node: 9305
--> node: 4427
  --> node: 1406
  --> node: 2600
  --> node: 5695
--> node: 7366
  --> node: 5409
    --> node: 4930
    --> node: 910
      --> node: 9041
    --> node: 1793
    --> node: 2093
  --> node: 1105
    --> node: 9626
--> node: 1355
  --> node: 7119
    --> node: 7169
--> node: 8187
--------
arbol 4, despuesDeMergear:
> node: 9305
--> node: 4427
  --> node: 1406
  --> node: 2600
  --> node: 5695
--> node: 7366
  --> node: 5409
    --> node: 4930
    --> node: 910
      --> node: 9041
    --> node: 1793
    --> node: 2093
  --> node: 1105
    --> node: 9626
--> node: 1355
  --> node: 7119
    --> node: 7169
--> node: 8187
--------
arbol 2, antesDeMergear:
> node: lqgjlu
--> node: ncnycrp
  --> node: mydt
    --> node: hx
      --> node: l
        --> node: pgwblxxgb
          --> node: sgmdyiyn
            --> node: ceidw
      --> node: kixcmf
        --> node: eypi
          --> node: ynv
        --> node: lriimo
      --> node: r
    --> node: ypyjkq
  --> node: fdbircg
  --> node: btgafn
    --> node: gkbsrqib
--> node: y
  --> node: jasyguvas
--> node: eqivdck
--------
arbol 2, despuesDeMergear:
> node: lqgvlck
--> node: ntnacnp
  --> node: mydt
    --> node: hixcmf
      --> node: l
        --> node: pgwdlixnb
          --> node: ceidw
      --> node: r
      --> node: eypi
        --> node: ynv
      --> node: lriimo
    --> node: ypyjkq
  --> node: gkbsrqib
--> node: yasyguvas
--------
arbol 2, antesDePrunear:
> node: lqgvlck
--> node: ntnacnp
  --> node: mydt
    --> node: hixcmf
      --> node: l
        --> node: pgwdlixnb
          --> node: ceidw
      --> node: r
      --> node: eypi
        --> node: ynv
      --> node: lriimo
    --> node: ypyjkq
  --> node: gkbsrqib
--> node: yasyguvas
--------
arbol 2, despuesDePrunear:
> node: lqgvlck
--------
arbol 1, antesDeMergear:
> node: 6751
--> node: 1866
  --> node: 1955
    --> node: 5798
      --> node: 377
        --> node: 3834
          --> node: 60
        --> node: 9382
      --> node: 1265
    --> node: 10622
      --> node: 8365
        --> node: 5958
  --> node: 7622
    --> node: 7206
--> node: 5077
--> node: 6906
  --> node: 4133
    --> node: 4397
  --> node: 4010
    --> node: 5787
  --> node: 7577
--> node: 6178
--> node: 7951
--> node: 3875
  --> node: 6406
  --> node: 9678
    --> node: 4101
  --> node: 3147
--> node: 1650
--> node: 9952
--------
arbol 1, despuesDeMergear:
> node: 16703
--> node: 1866
  --> node: 1955
    --> node: 5798
      --> node: 377
        --> node: 3894
        --> node: 9382
      --> node: 1265
    --> node: 10622
      --> node: 8365
        --> node: 5958
  --> node: 7622
    --> node: 7206
--> node: 5077
--> node: 6906
  --> node: 4133
    --> node: 4397
  --> node: 4010
    --> node: 5787
  --> node: 7577
--> node: 6178
--> node: 7951
--> node: 3875
  --> node: 6406
  --> node: 9678
    --> node: 4101
  --> node: 3147
--> node: 1650
--------
arbol 3, antesDeMergear:
> node: 8342
--> node: 2854
  --> node: 3991
    --> node: 5814
      --> node: 2193
        --> node: 4107
          --> node: 4751
            --> node: 3965
          --> node: 2062
          --> node: 564
    --> node: 1373
      --> node: 5747
    --> node: 1742
  --> node: 638
  --> node: 2265
    --> node: 3397
--> node: 4853
  --> node: 6949
    --> node: 8119
  --> node: 1
    --> node: 571
      --> node: 3841
--> node: 8539
--> node: 186
--------
arbol 3, despuesDeMergear:
> node: 8342
--> node: 2854
  --> node: 3991
    --> node: 5814
      --> node: 2193
        --> node: 4671
          --> node: 4751
            --> node: 3965
          --> node: 2062
    --> node: 1373
      --> node: 5747
    --> node: 1742
  --> node: 638
  --> node: 2265
    --> node: 3397
--> node: 4853
  --> node: 6949
    --> node: 8119
  --> node: 1
    --> node: 571
      --> node: 3841
--> node: 8539
--> node: 186
--------
arbol 0, antesDePrunear:
> node: 3843
--> node: 149
  --> node: 450
    --> node: 1235
--> node: 154
  --> node: 5900
  --> node: 9785
    --> node: 6661
      --> node: 1053
        --> node: 8355
      --> node: 6052
    --> node: 7510
    --> node: 8232
  --> node: 982
    --> node: 9845
    --> node: 3255
  --> node: 8758
--> node: 2833
--------
arbol 0, despuesDePrunear:
> node: 3843
--> node: 149
  --> node: 450
    --> node: 1235
--> node: 154
  --> node: 5900
  --> node: 9785
    --> node: 6661
      --> node: 1053
        --> node: 8355
    --> node: 7510
  --> node: 982
    --> node: 9845
    --> node: 3255
  --> node: 8758
--> node: 2833
--------
arbol 4, antesDeMergear:
> node: 9305
--> node: 4427
  --> node: 1406
  --> node: 2600
  --> node: 5695
--> node: 7366
  --> node: 5409
    --> node: 4930
      --> node: 7250
    --> node: 910
      --> node: 9041
    --> node: 1793
    --> node: 2093
  --> node: 1105
    --> node: 9626
--> node: 1355
  --> node: 7119
    --> node: 7169
    --> node: 5138
  --> node: 8863
--> node: 8187
--------
arbol 4, despuesDeMergear:
> node: 9305
--> node: 4427
  --> node: 1406
  --> node: 2600
  --> node: 5695
--> node: 7366
  --> node: 5409
    --> node: 4930
      --> node: 7250
    --> node: 910
      --> node: 9041
    --> node: 1793
    --> node: 2093
  --> node: 1105
    --> node: 9626
--> node: 1355
  --> node: 7119
    --> node: 7169
    --> node: 5138
  --> node: 8863
--> node: 8187
--------
arbol 2, antesDeMergear:
> node: lqgvlck
--> node: h
--------
arbol 2, despuesDeMergear:
> node: lqgvlck
--> node: h
--------
arbol 3, antesDePrunear:
> node: 8342
--> node: 2854
  --> node: 3991
    --> node: 5814
      --> node: 2193
        --> node: 4671
          --> node: 4751
            --> node: 3965
          --> node: 2062
    --> node: 1373
      --> node: 5747
    --> node: 1742
  --> node: 638
  --> node: 2265
    --> node: 3397
--> node: 4853
  --> node: 6949
    --> node: 8119
  --> node: 1
    --> node: 571
      --> node: 3841
--> node: 8539
  --> node: 9524
--> node: 186
--> node: 292
--------
arbol 3, despuesDePrunear:
> node: 8342
--> node: 2854
  --> node: 3991
    --> node: 5814
      --> node: 2193
        --> node: 4671
          --> node: 4751
            --> node: 3965
          --> node: 2062
    --> node: 1373
      --> node: 5747
    --> node: 1742
  --> node: 638
  --> node: 2265
    --> node: 3397
--> node: 4853
  --> node: 6949
    --> node: 8119
  --> node: 1
    --> node: 571
      --> node: 3841
--> node: 8539
--> node: 186
--------
arbol 2, antesDePrunear:
> node: lqgvlck
--> node: h
--------
arbol 2, despuesDePrunear:
> node: lqgvlck
--> node: h
--------
arbol 3, antesDeMergear:
> node: 8342
--> node: 2854
  --> node: 3991
    --> node: 5814
      --> node: 2193
        --> node: 4671
          --> node: 4751
            --> node: 3965
          --> node: 2062
    --> node: 1373
      --> node: 5747
    --> node: 1742
  --> node: 638
  --> node: 2265
    --> node: 3397
--> node: 4853
  --> node: 6949
    --> node: 8119
  --> node: 1
    --> node: 571
      --> node: 3841
--> node: 8539
--> node: 186
--------
arbol 3, despuesDeMergear:
> node: 8342
--> node: 2854
  --> node: 3991
    --> node: 5814
      --> node: 2193
        --> node: 4671
          --> node: 4751
            --> node: 3965
          --> node: 2062
    --> node: 1373
      --> node: 5747
    --> node: 1742
  --> node: 638
  --> node: 2265
    --> node: 3397
--> node: 4853
  --> node: 6949
    --> node: 8119
  --> node: 1
    --> node: 571
      --> node: 3841
--> node: 8539
--> node: 186
--------
arbol 1, antesDeMergear:
> node: 16703
--> node: 1866
  --> node: 1955
    --> node: 5798
      --> node: 377
        --> node: 3894
        --> node: 9382
      --> node: 1265
    --> node: 10622
      --> node: 8365
        --> node: 5958
      --> node: 1904
  --> node: 7622
    --> node: 7206
    --> node: 1750
  --> node: 1958
--> node: 5077
--> node: 6906
  --> node: 4133
    --> node: 4397
      --> node: 5491
  --> node: 4010
    --> node: 5787
    --> node: 4464
  --> node: 7577
--> node: 6178
--> node: 7951
--> node: 3875
  --> node: 6406
  --> node: 9678
    --> node: 4101
    --> node: 8224
  --> node: 3147
--> node: 1650
--------
arbol 1, despuesDeMergear:
> node: 16703
--> node: 1866
  --> node: 1955
    --> node: 5798
      --> node: 377
        --> node: 3894
        --> node: 9382
      --> node: 1265
    --> node: 12526
      --> node: 8365
        --> node: 5958
  --> node: 7622
    --> node: 7206
    --> node: 1750
  --> node: 1958
--> node: 5077
--> node: 6906
  --> node: 4133
    --> node: 4397
      --> node: 5491
  --> node: 8474
    --> node: 5787
  --> node: 7577
--> node: 6178
--> node: 7951
--> node: 3875
  --> node: 6406
  --> node: 17902
    --> node: 4101
  --> node: 3147
--> node: 1650
--------
arbol 3, antesDeMergear:
> node: 8342
--> node: 2854
  --> node: 3991
    --> node: 5814
      --> node: 2193
        --> node: 4671
          --> node: 4751
            --> node: 3965
            --> node: 4525
          --> node: 2062
    --> node: 1373
      --> node: 5747
    --> node: 1742
      --> node: 2748
  --> node: 638
  --> node: 2265
    --> node: 3397
--> node: 4853
  --> node: 6949
    --> node: 8119
  --> node: 1
    --> node: 571
      --> node: 3841
--> node: 8539
--> node: 186
--------
arbol 3, despuesDeMergear:
> node: 8342
--> node: 2854
  --> node: 3991
    --> node: 5814
      --> node: 2193
        --> node: 4671
          --> node: 4751
            --> node: 3965
            --> node: 4525
          --> node: 2062
    --> node: 1373
      --> node: 5747
    --> node: 4490
  --> node: 638
  --> node: 2265
    --> node: 3397
--> node: 4853
  --> node: 6949
    --> node: 8119
  --> node: 1
    --> node: 571
      --> node: 3841
--> node: 8539
--> node: 186
--------
arbol 1, antesDePrunear:
> node: 16703
--> node: 1866
  --> node: 1955
    --> node: 5798
      --> node: 377
        --> node: 3894
        --> node: 9382
          --> node: 6155
      --> node: 1265
    --> node: 12526
      --> node: 8365
        --> node: 5958
      --> node: 633
  --> node: 7622
    --> node: 7206
    --> node: 1750
  --> node: 1958
--> node: 5077
--> node: 6906
  --> node: 4133
    --> node: 4397
      --> node: 5491
  --> node: 8474
    --> node: 5787
  --> node: 7577
--> node: 6178
--> node: 7951
--> node: 3875
  --> node: 6406
  --> node: 17902
    --> node: 4101
  --> node: 3147
--> node: 1650
--------
arbol 1, despuesDePrunear:
> node: 16703
--> node: 1866
  --> node: 1955
    --> node: 5798
      --> node: 377
        --> node: 3894
        --> node: 9382
          --> node: 6155
      --> node: 1265
    --> node: 12526
      --> node: 8365
        --> node: 5958
      --> node: 633
  --> node: 7622
    --> node: 7206
    --> node: 1750
  --> node: 1958
--> node: 5077
--> node: 6906
  --> node: 4133
    --> node: 4397
      --> node: 5491
  --> node: 8474
    --> node: 5787
  --> node: 7577
--> node: 6178
--> node: 7951
--> node: 3875
  --> node: 6406
  --> node: 17902
    --> node: 4101
  --> node: 3147
--> node: 1650
--------
arbol 2, antesDePrunear:
> node: lqgvlck
--> node: h
  --> node: ycdvvacn
  --> node: bgnof
--> node: orkklugk
  --> node: skprt
--> node: axbbymy
--------
arbol 2, despuesDePrunear:
> node: lqgvlck
--> node: h
--------
arbol 1, antesDePrunear:
> node: 16703
--> node: 1866
  --> node: 1955
    --> node: 5798
      --> node: 377
        --> node: 3894
        --> node: 9382
          --> node: 6155
      --> node: 1265
    --> node: 12526
      --> node: 8365
        --> node: 5958
      --> node: 633
  --> node: 7622
    --> node: 7206
    --> node: 1750
  --> node: 1958
--> node: 5077
--> node: 6906
  --> node: 4133
    --> node: 4397
      --> node: 5491
  --> node: 8474
    --> node: 5787
  --> node: 7577
--> node: 6178
--> node: 7951
--> node: 3875
  --> node: 6406
  --> node: 17902
    --> node: 4101
    --> node: 3944
  --> node: 3147
--> node: 1650
  --> node: 3236
--------
arbol 1, despuesDePrunear:
> node: 16703
--> node: 1866
  --> node: 1955
    --> node: 5798
      --> node: 377
        --> node: 3894
        --> node: 9382
          --> node: 6155
      --> node: 1265
    --> node: 12526
      --> node: 8365
        --> node: 5958
      --> node: 633
  --> node: 7622
    --> node: 7206
    --> node: 1750
  --> node: 1958
--> node: 5077
--> node: 6906
  --> node: 4133
    --> node: 4397
      --> node: 5491
  --> node: 8474
    --> node: 5787
  --> node: 7577
--> node: 6178
--> node: 7951
--> node: 3875
  --> node: 6406
  --> node: 17902
    --> node: 4101
  --> node: 3147
--> node: 1650
--------
arbol 4, antesDePrunear:
> node: 9305
--> node: 4427
  --> node: 1406
    --> node: 3619
    --> node: 8373
  --> node: 2600
  --> node: 5695
--> node: 7366
  --> node: 5409
    --> node: 4930
      --> node: 7250
      --> node: 1677
      --> node: 642
    --> node: 910
      --> node: 9041
    --> node: 1793
    --> node: 2093
  --> node: 1105
    --> node: 9626
      --> node: 2762
      --> node: 5384
--> node: 1355
  --> node: 7119
    --> node: 7169
    --> node: 5138
  --> node: 8863
  --> node: 5423
--> node: 8187
  --> node: 1169
--> node: 3284
--> node: 3062
--> node: 5213
--------
arbol 4, despuesDePrunear:
> node: 9305
--> node: 4427
  --> node: 1406
    --> node: 3619
    --> node: 8373
  --> node: 2600
  --> node: 5695
--> node: 7366
  --> node: 5409
    --> node: 4930
      --> node: 7250
      --> node: 1677
      --> node: 642
    --> node: 910
      --> node: 9041
    --> node: 1793
    --> node: 2093
  --> node: 1105
    --> node: 9626
      --> node: 2762
--> node: 1355
  --> node: 7119
    --> node: 7169
    --> node: 5138
  --> node: 8863
  --> node: 5423
--> node: 8187
  --> node: 1169
--> node: 3062
--> node: 5213
--------
arbol 2, antesDeMergear:
> node: lqgvlck
--> node: h
--> node: mgiac
--> node: uokecemnr
--------
arbol 2, despuesDeMergear:
> node: logeleknr
--> node: h
--------
arbol 4, antesDeMergear:
> node: 9305
--> node: 4427
  --> node: 1406
    --> node: 3619
    --> node: 8373
  --> node: 2600
  --> node: 5695
--> node: 7366
  --> node: 5409
    --> node: 4930
      --> node: 7250
      --> node: 1677
      --> node: 642
        --> node: 5631
    --> node: 910
      --> node: 9041
    --> node: 1793
    --> node: 2093
  --> node: 1105
    --> node: 9626
      --> node: 2762
--> node: 1355
  --> node: 7119
    --> node: 7169
    --> node: 5138
  --> node: 8863
    --> node: 1237
  --> node: 5423
--> node: 8187
  --> node: 1169
  --> node: 7679
--> node: 3062
--> node: 5213
--------
arbol 4, despuesDeMergear:
> node: 9305
--> node: 4427
  --> node: 1406
    --> node: 3619
    --> node: 8373
  --> node: 2600
  --> node: 5695
--> node: 7366
  --> node: 5409
    --> node: 4930
      --> node: 7250
      --> node: 1677
      --> node: 642
        --> node: 5631
    --> node: 910
      --> node: 9041
    --> node: 1793
    --> node: 2093
  --> node: 1105
    --> node: 9626
      --> node: 2762
--> node: 1355
  --> node: 7119
    --> node: 7169
    --> node: 5138
  --> node: 8863
    --> node: 1237
  --> node: 5423
--> node: 8187
  --> node: 1169
  --> node: 7679
--> node: 3062
--> node: 5213
--------
arbol 0, antesDeMergear:
> node: 3843
--> node: 149
  --> node: 450
    --> node: 1235
    --> node: 6520
    --> node: 624
  --> node: 354
    --> node: 6896
--> node: 154
  --> node: 5900
    --> node: 5997
  --> node: 9785
    --> node: 6661
      --> node: 1053
        --> node: 8355
          --> node: 1105
          --> node: 4717
    --> node: 7510
  --> node: 982
    --> node: 9845
    --> node: 3255
    --> node: 562
      --> node: 2049
        --> node: 6436
  --> node: 8758
--> node: 2833
--> node: 6444
--------
arbol 0, despuesDeMergear:
> node: 10287
--> node: 149
  --> node: 7594
    --> node: 1235
  --> node: 7250
--> node: 154
  --> node: 5900
    --> node: 5997
  --> node: 9785
    --> node: 6661
      --> node: 1053
        --> node: 8355
          --> node: 1105
          --> node: 4717
    --> node: 7510
  --> node: 982
    --> node: 9845
    --> node: 3255
    --> node: 562
      --> node: 8485
  --> node: 8758
--> node: 2833
--------
arbol 1, antesDePrunear:
> node: 16703
--> node: 1866
  --> node: 1955
    --> node: 5798
      --> node: 377
        --> node: 3894
          --> node: 1588
            --> node: 3930
          --> node: 457
        --> node: 9382
          --> node: 6155
      --> node: 1265
      --> node: 8248
    --> node: 12526
      --> node: 8365
        --> node: 5958
      --> node: 633
  --> node: 7622
    --> node: 7206
    --> node: 1750
  --> node: 1958
  --> node: 6399
--> node: 5077
--> node: 6906
  --> node: 4133
    --> node: 4397
      --> node: 5491
  --> node: 8474
    --> node: 5787
  --> node: 7577
--> node: 6178
--> node: 7951
--> node: 3875
  --> node: 6406
  --> node: 17902
    --> node: 4101
  --> node: 3147
--> node: 1650
--> node: 3042
  --> node: 3533
--------
arbol 1, despuesDePrunear:
> node: 16703
--> node: 1866
  --> node: 1955
    --> node: 5798
      --> node: 377
        --> node: 3894
          --> node: 457
        --> node: 9382
          --> node: 6155
      --> node: 1265
    --> node: 12526
      --> node: 8365
        --> node: 5958
      --> node: 633
  --> node: 7622
    --> node: 7206
    --> node: 1750
  --> node: 1958
  --> node: 6399
--> node: 5077
--> node: 6906
  --> node: 4133
    --> node: 4397
      --> node: 5491
  --> node: 8474
    --> node: 5787
  --> node: 7577
--> node: 6178
--> node: 7951
--> node: 3875
  --> node: 6406
  --> node: 17902
    --> node: 4101
  --> node: 3147
--> node: 1650
--> node: 3042
  --> node: 3533
--------
arbol 1, destruyendoLoSiguiente:
> node: 16703
--> node: 1866
  --> node: 1955
    --> node: 5798
      --> node: 377
        --> node: 3894
          --> node: 457
        --> node: 9382
          --> node: 6155
      --> node: 1265
    --> node: 12526
      --> node: 8365
        --> node: 5958
      --> node: 633
  --> node: 7622
    --> node: 7206
    --> node: 1750
  --> node: 1958
  --> node: 6399
--> node: 5077
--> node: 6906
  --> node: 4133
    --> node: 4397
      --> node: 5491
        --> node: 860
  --> node: 8474
    --> node: 5787
  --> node: 7577
--> node: 6178
--> node: 7951
--> node: 3875
  --> node: 6406
  --> node: 17902
    --> node: 4101
  --> node: 3147
--> node: 1650
--> node: 3042
  --> node: 3533
--> node: 7520
--------
arbol 4, destruyendoLoSiguiente:
> node: 9305
--> node: 4427
  --> node: 1406
    --> node: 3619
    --> node: 8373
  --> node: 2600
    --> node: 5198
  --> node: 5695
--> node: 7366
  --> node: 5409
    --> node: 4930
      --> node: 7250
      --> node: 1677
        --> node: 8162
      --> node: 642
        --> node: 5631
          --> node: 1424
            --> node: 364
    --> node: 910
      --> node: 9041
    --> node: 1793
    --> node: 2093
    --> node: 413
  --> node: 1105
    --> node: 9626
      --> node: 2762
--> node: 1355
  --> node: 7119
    --> node: 7169
    --> node: 5138
    --> node: 1125
  --> node: 8863
    --> node: 1237
  --> node: 5423
  --> node: 5264
--> node: 8187
  --> node: 1169
  --> node: 7679
  --> node: 5060
  --> node: 2788
--> node: 3062
--> node: 5213
--------
arbol 0, antesDeMergear:
> node: 10287
--> node: 149
  --> node: 7594
    --> node: 1235
      --> node: 9294
  --> node: 7250
--> node: 154
  --> node: 5900
    --> node: 5997
  --> node: 9785
    --> node: 6661
      --> node: 1053
        --> node: 8355
          --> node: 1105
          --> node: 4717
    --> node: 7510
  --> node: 982
    --> node: 9845
    --> node: 3255
    --> node: 562
      --> node: 8485
      --> node: 9950
      --> node: 149
  --> node: 8758
--> node: 2833
--------
arbol 0, despuesDeMergear:
> node: 10287
--> node: 149
  --> node: 7594
    --> node: 1235
      --> node: 9294
  --> node: 7250
--> node: 154
  --> node: 5900
    --> node: 5997
  --> node: 9785
    --> node: 6661
      --> node: 1053
        --> node: 8355
          --> node: 1105
          --> node: 4717
    --> node: 7510
  --> node: 982
    --> node: 9845
    --> node: 3255
    --> node: 562
      --> node: 8485
      --> node: 9950
      --> node: 149
  --> node: 8758
--> node: 2833
--------
arbol 0, antesDeMergear:
> node: 10287
--> node: 149
  --> node: 7594
    --> node: 1235
      --> node: 9294
      --> node: 2708
  --> node: 7250
  --> node: 8163
--> node: 154
  --> node: 5900
    --> node: 5997
  --> node: 9785
    --> node: 6661
      --> node: 1053
        --> node: 8355
          --> node: 1105
          --> node: 4717
    --> node: 7510
  --> node: 982
    --> node: 9845
    --> node: 3255
    --> node: 562
      --> node: 8485
      --> node: 9950
      --> node: 149
  --> node: 8758
--> node: 2833
--> node: 6878
--------
arbol 0, despuesDeMergear:
> node: 10287
--> node: 149
  --> node: 7594
    --> node: 3943
      --> node: 9294
  --> node: 7250
  --> node: 8163
--> node: 154
  --> node: 5900
    --> node: 5997
  --> node: 9785
    --> node: 6661
      --> node: 1053
        --> node: 8355
          --> node: 1105
          --> node: 4717
    --> node: 7510
  --> node: 982
    --> node: 9845
    --> node: 3255
    --> node: 562
      --> node: 8485
      --> node: 9950
      --> node: 149
  --> node: 8758
--> node: 2833
--> node: 6878
--------
arbol 0, antesDePrunear:
> node: 10287
--> node: 149
  --> node: 7594
    --> node: 3943
      --> node: 9294
  --> node: 7250
  --> node: 8163
--> node: 154
  --> node: 5900
    --> node: 5997
  --> node: 9785
    --> node: 6661
      --> node: 1053
        --> node: 8355
          --> node: 1105
          --> node: 4717
    --> node: 7510
  --> node: 982
    --> node: 9845
    --> node: 3255
    --> node: 562
      --> node: 8485
      --> node: 9950
      --> node: 149
  --> node: 8758
--> node: 2833
--> node: 6878
--------
arbol 0, despuesDePrunear:
> node: 10287
--> node: 149
  --> node: 7594
    --> node: 3943
      --> node: 9294
  --> node: 7250
  --> node: 8163
--> node: 154
  --> node: 5900
    --> node: 5997
  --> node: 9785
    --> node: 6661
      --> node: 1053
        --> node: 8355
          --> node: 1105
          --> node: 4717
    --> node: 7510
  --> node: 982
    --> node: 9845
    --> node: 3255
    --> node: 562
      --> node: 8485
      --> node: 9950
      --> node: 149
  --> node: 8758
--> node: 2833
--> node: 6878
--------
arbol 3, antesDePrunear:
> node: 8342
--> node: 2854
  --> node: 3991
    --> node: 5814
      --> node: 2193
        --> node: 4671
          --> node: 4751
            --> node: 3965
              --> node: 9275
            --> node: 4525
            --> node: 8112
              --> node: 6567
          --> node: 2062
            --> node: 8999
            --> node: 8058
      --> node: 9894
    --> node: 1373
      --> node: 5747
        --> node: 1275
          --> node: 7496
      --> node: 4419
    --> node: 4490
  --> node: 638
  --> node: 2265
    --> node: 3397
--> node: 4853
  --> node: 6949
    --> node: 8119
    --> node: 2106
  --> node: 1
    --> node: 571
      --> node: 3841
      --> node: 9266
    --> node: 764
--> node: 8539
  --> node: 3117
--> node: 186
--------
arbol 3, despuesDePrunear:
> node: 8342
--> node: 2854
  --> node: 3991
    --> node: 5814
      --> node: 2193
        --> node: 4671
          --> node: 4751
            --> node: 3965
              --> node: 9275
            --> node: 4525
          --> node: 2062
            --> node: 8999
            --> node: 8058
      --> node: 9894
    --> node: 1373
      --> node: 5747
        --> node: 1275
      --> node: 4419
    --> node: 4490
  --> node: 638
  --> node: 2265
    --> node: 3397
--> node: 4853
  --> node: 6949
    --> node: 8119
    --> node: 2106
  --> node: 1
    --> node: 571
      --> node: 3841
      --> node: 9266
--> node: 8539
  --> node: 3117
--> node: 186
--------
arbol 3, antesDePrunear:
> node: 8342
--> node: 2854
  --> node: 3991
    --> node: 5814
      --> node: 2193
        --> node: 4671
          --> node: 4751
            --> node: 3965
              --> node: 9275
            --> node: 4525
          --> node: 2062
            --> node: 8999
            --> node: 8058
      --> node: 9894
    --> node: 1373
      --> node: 5747
        --> node: 1275
      --> node: 4419
    --> node: 4490
  --> node: 638
  --> node: 2265
    --> node: 3397
--> node: 4853
  --> node: 6949
    --> node: 8119
    --> node: 2106
  --> node: 1
    --> node: 571
      --> node: 3841
      --> node: 9266
--> node: 8539
  --> node: 3117
--> node: 186
--------
arbol 3, despuesDePrunear:
> node: 8342
--> node: 2854
  --> node: 3991
    --> node: 5814
      --> node: 2193
        --> node: 4671
          --> node: 4751
            --> node: 3965
              --> node: 9275
            --> node: 4525
          --> node: 2062
            --> node: 8999
            --> node: 8058
      --> node: 9894
    --> node: 1373
      --> node: 5747
        --> node: 1275
      --> node: 4419
    --> node: 4490
  --> node: 638
  --> node: 2265
    --> node: 3397
--> node: 4853
  --> node: 6949
    --> node: 8119
    --> node: 2106
  --> node: 1
    --> node: 571
      --> node: 3841
      --> node: 9266
--> node: 8539
  --> node: 3117
--> node: 186
--------
arbol 3, antesDeMergear:
> node: 8342
--> node: 2854
  --> node: 3991
    --> node: 5814
      --> node: 2193
        --> node: 4671
          --> node: 4751
            --> node: 3965
              --> node: 9275
            --> node: 4525
          --> node: 2062
            --> node: 8999
            --> node: 8058
      --> node: 9894
    --> node: 1373
      --> node: 5747
        --> node: 1275
          --> node: 6863
      --> node: 4419
    --> node: 4490
  --> node: 638
  --> node: 2265
    --> node: 3397
--> node: 4853
  --> node: 6949
    --> node: 8119
    --> node: 2106
  --> node: 1
    --> node: 571
      --> node: 3841
      --> node: 9266
--> node: 8539
  --> node: 3117
--> node: 186
--------
arbol 3, despuesDeMergear:
> node: 8342
--> node: 2854
  --> node: 3991
    --> node: 5814
      --> node: 2193
        --> node: 4671
          --> node: 4751
            --> node: 3965
              --> node: 9275
            --> node: 4525
          --> node: 2062
            --> node: 8999
            --> node: 8058
      --> node: 9894
    --> node: 1373
      --> node: 5747
        --> node: 1275
          --> node: 6863
      --> node: 4419
    --> node: 4490
  --> node: 638
  --> node: 2265
    --> node: 3397
--> node: 4853
  --> node: 6949
    --> node: 8119
    --> node: 2106
  --> node: 1
    --> node: 571
      --> node: 3841
      --> node: 9266
--> node: 8539
  --> node: 3117
--> node: 186
--------
arbol 2, antesDePrunear:
> node: logeleknr
--> node: h
  --> node: v
    --> node: oimsxcd
      --> node: ceaffergc
        --> node: fa
          --> node: top
  --> node: yj
--> node: jtrtog
  --> node: s
  --> node: rbopksnc
    --> node: vylhwojhq
    --> node: qqndptv
--> node: ipxwu
--> node: dnugcxro
  --> node: mxnrqlr
    --> node: mewguebmo
      --> node: obikbx
      --> node: cmaxscdi
    --> node: flldpmpec
--> node: sny
--------
arbol 2, despuesDePrunear:
> node: logeleknr
--> node: h
  --> node: v
  --> node: yj
--> node: sny
--------
arbol 2, destruyendoLoSiguiente:
> node: logeleknr
--> node: h
  --> node: v
    --> node: tdubd
      --> node: xjbrcmsic
  --> node: yj
--> node: sny
--------
arbol 0, destruyendoLoSiguiente:
> node: 10287
--> node: 149
  --> node: 7594
    --> node: 3943
      --> node: 9294
      --> node: 9803
  --> node: 7250
    --> node: 1453
  --> node: 8163
  --> node: 4487
--> node: 154
  --> node: 5900
    --> node: 5997
  --> node: 9785
    --> node: 6661
      --> node: 1053
        --> node: 8355
          --> node: 1105
          --> node: 4717
            --> node: 5136
    --> node: 7510
  --> node: 982
    --> node: 9845
    --> node: 3255
    --> node: 562
      --> node: 8485
      --> node: 9950
      --> node: 149
  --> node: 8758
--> node: 2833
--> node: 6878
  --> node: 414
--------
arbol 3, antesDeMergear:
> node: 8342
--> node: 2854
  --> node: 3991
    --> node: 5814
      --> node: 2193
        --> node: 4671
          --> node: 4751
            --> node: 3965
              --> node: 9275
            --> node: 4525
          --> node: 2062
            --> node: 8999
            --> node: 8058
            --> node: 3550
      --> node: 9894
      --> node: 5942
    --> node: 1373
      --> node: 5747
        --> node: 1275
          --> node: 6863
          --> node: 8893
      --> node: 4419
    --> node: 4490
    --> node: 5595
  --> node: 638
  --> node: 2265
    --> node: 3397
--> node: 4853
  --> node: 6949
    --> node: 8119
    --> node: 2106
  --> node: 1
    --> node: 571
      --> node: 3841
        --> node: 7709
      --> node: 9266
--> node: 8539
  --> node: 3117
--> node: 186
--------
arbol 3, despuesDeMergear:
> node: 8342
--> node: 2854
  --> node: 3991
    --> node: 5814
      --> node: 2193
        --> node: 4671
          --> node: 4751
            --> node: 3965
              --> node: 9275
            --> node: 4525
          --> node: 2062
            --> node: 8999
            --> node: 8058
            --> node: 3550
      --> node: 9894
      --> node: 5942
    --> node: 1373
      --> node: 5747
        --> node: 1275
          --> node: 6863
          --> node: 8893
      --> node: 4419
    --> node: 4490
    --> node: 5595
  --> node: 638
  --> node: 2265
    --> node: 3397
--> node: 4853
  --> node: 6949
    --> node: 8119
    --> node: 2106
  --> node: 1
    --> node: 571
      --> node: 3841
        --> node: 7709
      --> node: 9266
--> node: 8539
  --> node: 3117
--> node: 186
--------
arbol 3, destruyendoLoSiguiente:
> node: 8342
--> node: 2854
  --> node: 3991
    --> node: 5814
      --> node: 2193
        --> node: 4671
          --> node: 4751
            --> node: 3965
              --> node: 9275
            --> node: 4525
          --> node: 2062
            --> node: 8999
            --> node: 8058
            --> node: 3550
      --> node: 9894
      --> node: 5942
    --> node: 1373
      --> node: 5747
        --> node: 1275
          --> node: 6863
          --> node: 8893
      --> node: 4419
    --> node: 4490
    --> node: 5595
      --> node: 6747
  --> node: 638
  --> node: 2265
    --> node: 3397
--> node: 4853
  --> node: 6949
    --> node: 8119
    --> node: 2106
  --> node: 1
    --> node: 571
      --> node: 3841
        --> node: 7709
      --> node: 9266
--> node: 8539
  --> node: 3117
--> node: 186
--------
