arbol 1, antesDeMergear:
> node: bgxm
--------
arbol 1, despuesDeMergear:
> node: bgxm
--------
arbol 4, antesDeMergear:
> node: luglwpu
--> node: uugajjodh
  --> node: smvsvwiud
  --> node: urn
--------
arbol 4, despuesDeMergear:
> node: lugawjudh
--> node: smvsvwiud
--> node: urn
--------
arbol 0, antesDePrunear:
> node: 1905
--> node: 834
--> node: 4127
--------
arbol 0, despuesDePrunear:
> node: 1905
--> node: 834
--> node: 4127
--------
arbol 2, antesDeMergear:
> node: 4227
--> node: 3372
--> node: 9990
  --> node: 4436
--------
arbol 2, despuesDeMergear:
> node: 7599
--> node: 14426
--------
arbol 0, antesDePrunear:
> node: 1905
--> node: 834
--> node: 4127
  --> node: 4787
--> node: 2037
  --> node: 2444
--------
arbol 0, despuesDePrunear:
> node: 1905
--> node: 834
--> node: 4127
  --> node: 4787
--> node: 2037
--------
arbol 0, antesDeMergear:
> node: 1905
--> node: 834
--> node: 4127
  --> node: 4787
--> node: 2037
--------
arbol 0, despuesDeMergear:
> node: 1905
--> node: 834
--> node: 4127
  --> node: 4787
--> node: 2037
--------
arbol 0, antesDePrunear:
> node: 1905
--> node: 834
--> node: 4127
  --> node: 4787
  --> node: 2083
--> node: 2037
  --> node: 1582
--> node: 4
  --> node: 4553
--------
arbol 0, despuesDePrunear:
> node: 1905
--> node: 834
--> node: 4127
  --> node: 4787
  --> node: 2083
--> node: 2037
  --> node: 1582
--------
arbol 2, antesDePrunear:
> node: 7599
--> node: 14426
--------
arbol 2, despuesDePrunear:
> node: 7599
--> node: 14426
--------
arbol 3, antesDeMergear:
> node: 66.974132
--> node: 54.292407
--> node: 60.158110
  --> node: 19.052470
--> node: 44.620817
--------
arbol 3, despuesDeMergear:
> node: 4029.037192
--> node: 54.292407
--> node: 44.620817
--> node: 19.052470
--------
arbol 2, antesDeMergear:
> node: 7599
--> node: 14426
--> node: 3914
  --> node: 5910
--------
arbol 2, despuesDeMergear:
> node: 7599
--> node: 14426
--> node: 3914
  --> node: 5910
--------
arbol 2, antesDePrunear:
> node: 7599
--> node: 14426
--> node: 3914
  --> node: 5910
--------
arbol 2, despuesDePrunear:
> node: 7599
--> node: 14426
--> node: 3914
  --> node: 5910
--------
arbol 3, antesDeMergear:
> node: 4029.037192
--> node: 54.292407
--> node: 44.620817
--> node: 19.052470
  --> node: -23.393949
--> node: 19.827843
--------
arbol 3, despuesDeMergear:
> node: 4029.037192
--> node: 54.292407
--> node: 44.620817
--> node: 19.052470
  --> node: -23.393949
--> node: 19.827843
--------
arbol 2, antesDePrunear:
> node: 7599
--> node: 14426
--> node: 3914
  --> node: 5910
--------
arbol 2, despuesDePrunear:
> node: 7599
--> node: 14426
--> node: 3914
  --> node: 5910
--------
arbol 2, antesDeMergear:
> node: 7599
--> node: 14426
  --> node: 9455
--> node: 3914
  --> node: 5910
--------
arbol 2, despuesDeMergear:
> node: 7599
--> node: 14426
  --> node: 9455
--> node: 3914
  --> node: 5910
--------
arbol 4, antesDeMergear:
> node: lugawjudh
--> node: smvsvwiud
  --> node: agdpm
--> node: urn
  --> node: vr
    --> node: lsiielwk
      --> node: ochw
  --> node: h
--> node: ald
  --> node: g
--------
arbol 4, despuesDeMergear:
> node: llgswwuuh
--> node: agdpm
--> node: vr
  --> node: lsiielwk
    --> node: ochw
--> node: h
--> node: g
--------
arbol 0, antesDeMergear:
> node: 1905
--> node: 834
--> node: 4127
  --> node: 4787
  --> node: 2083
--> node: 2037
  --> node: 1582
    --> node: 395
    --> node: 8662
  --> node: 8799
  --> node: 9401
    --> node: 5866
--------
arbol 0, despuesDeMergear:
> node: 1905
--> node: 834
--> node: 4127
  --> node: 4787
  --> node: 2083
--> node: 2037
  --> node: 1582
    --> node: 395
    --> node: 8662
  --> node: 8799
  --> node: 9401
    --> node: 5866
--------
arbol 4, antesDePrunear:
> node: llgswwuuh
--> node: agdpm
  --> node: dwhdxs
    --> node: cwa
    --> node: jciud
--> node: vr
  --> node: lsiielwk
    --> node: ochw
    --> node: lps
--> node: h
  --> node: hmucug
--> node: g
--------
arbol 4, despuesDePrunear:
> node: llgswwuuh
--> node: vr
--> node: h
--> node: g
--------
arbol 0, antesDeMergear:
> node: 1905
--> node: 834
--> node: 4127
  --> node: 4787
  --> node: 2083
--> node: 2037
  --> node: 1582
    --> node: 395
    --> node: 8662
  --> node: 8799
  --> node: 9401
    --> node: 5866
    --> node: 4178
--------
arbol 0, despuesDeMergear:
> node: 1905
--> node: 834
--> node: 4127
  --> node: 4787
  --> node: 2083
--> node: 2037
  --> node: 1582
    --> node: 395
    --> node: 8662
  --> node: 8799
  --> node: 9401
    --> node: 5866
    --> node: 4178
--------
arbol 0, antesDePrunear:
> node: 1905
--> node: 834
--> node: 4127
  --> node: 4787
  --> node: 2083
--> node: 2037
  --> node: 1582
    --> node: 395
    --> node: 8662
  --> node: 8799
  --> node: 9401
    --> node: 5866
    --> node: 4178
--------
arbol 0, despuesDePrunear:
> node: 1905
--> node: 834
--> node: 4127
  --> node: 4787
  --> node: 2083
--> node: 2037
  --> node: 1582
    --> node: 395
    --> node: 8662
  --> node: 8799
  --> node: 9401
    --> node: 5866
    --> node: 4178
--------
arbol 3, antesDeMergear:
> node: 4029.037192
--> node: 54.292407
  --> node: -6.946177
--> node: 44.620817
--> node: 19.052470
  --> node: -23.393949
--> node: 19.827843
  --> node: 11.310996
--> node: 26.155914
  --> node: 2.256421
  --> node: 17.661474
--------
arbol 3, despuesDeMergear:
> node: 4029.037192
--> node: 54.292407
  --> node: -6.946177
--> node: 44.620817
--> node: 19.052470
  --> node: -23.393949
--> node: 19.827843
  --> node: 11.310996
--> node: 26.155914
  --> node: 2.256421
  --> node: 17.661474
--------
arbol 1, antesDeMergear:
> node: bgxm
--> node: ndlkigsri
  --> node: ayurdp
    --> node: r
      --> node: e
--> node: ex
  --> node: gdoes
    --> node: f
  --> node: stwljymg
  --> node: a
  --> node: o
--> node: kww
  --> node: fymqydx
    --> node: kyayu
--> node: megjpip
--> node: yinbbbttq
--------
arbol 1, despuesDeMergear:
> node: bixbibsti
--> node: kww
  --> node: fymyydx
--> node: ayurdp
  --> node: r
    --> node: e
--> node: gdoes
  --> node: f
--> node: stwljymg
--> node: a
--> node: o
--------
arbol 3, antesDeMergear:
> node: 4029.037192
--> node: 54.292407
  --> node: -6.946177
  --> node: 42.201380
--> node: 44.620817
  --> node: -6.985117
--> node: 19.052470
  --> node: -23.393949
    --> node: 34.727719
      --> node: -14.754325
--> node: 19.827843
  --> node: 11.310996
    --> node: 12.876145
  --> node: -5.166265
--> node: 26.155914
  --> node: 2.256421
  --> node: 17.661474
--------
arbol 3, despuesDeMergear:
> node: 4029.037192
--> node: 54.292407
  --> node: -6.946177
  --> node: 42.201380
--> node: 44.620817
  --> node: -6.985117
--> node: 19.052470
  --> node: -23.393949
    --> node: 34.727719
      --> node: -14.754325
--> node: 19.827843
  --> node: 11.310996
    --> node: 12.876145
  --> node: -5.166265
--> node: 26.155914
  --> node: 2.256421
  --> node: 17.661474
--------
arbol 3, antesDePrunear:
> node: 4029.037192
--> node: 54.292407
  --> node: -6.946177
  --> node: 42.201380
--> node: 44.620817
  --> node: -6.985117
--> node: 19.052470
  --> node: -23.393949
    --> node: 34.727719
      --> node: -14.754325
        --> node: 65.661650
--> node: 19.827843
  --> node: 11.310996
    --> node: 12.876145
      --> node: 27.018917
  --> node: -5.166265
--> node: 26.155914
  --> node: 2.256421
  --> node: 17.661474
--------
arbol 3, despuesDePrunear:
> node: 4029.037192
--> node: 54.292407
  --> node: -6.946177
  --> node: 42.201380
--> node: 44.620817
  --> node: -6.985117
--> node: 19.052470
  --> node: -23.393949
    --> node: 34.727719
      --> node: -14.754325
--> node: 19.827843
  --> node: 11.310996
    --> node: 12.876145
      --> node: 27.018917
  --> node: -5.166265
--> node: 26.155914
  --> node: 2.256421
  --> node: 17.661474
--------
arbol 4, antesDePrunear:
> node: llgswwuuh
--> node: vr
--> node: h
--> node: g
  --> node: fmtdhlm
    --> node: axc
      --> node: dalngynse
  --> node: au
    --> node: t
--------
arbol 4, despuesDePrunear:
> node: llgswwuuh
--> node: vr
--> node: h
--> node: g
  --> node: fmtdhlm
--------
arbol 3, antesDePrunear:
> node: 4029.037192
--> node: 54.292407
  --> node: -6.946177
  --> node: 42.201380
--> node: 44.620817
  --> node: -6.985117
--> node: 19.052470
  --> node: -23.393949
    --> node: 34.727719
      --> node: -14.754325
--> node: 19.827843
  --> node: 11.310996
    --> node: 12.876145
      --> node: 27.018917
  --> node: -5.166265
--> node: 26.155914
  --> node: 2.256421
    --> node: 33.100388
  --> node: 17.661474
--------
arbol 3, despuesDePrunear:
> node: 4029.037192
--> node: 54.292407
  --> node: -6.946177
  --> node: 42.201380
--> node: 44.620817
  --> node: -6.985117
--> node: 19.052470
  --> node: -23.393949
    --> node: 34.727719
      --> node: -14.754325
--> node: 19.827843
  --> node: 11.310996
    --> node: 12.876145
      --> node: 27.018917
  --> node: -5.166265
--> node: 26.155914
  --> node: 2.256421
    --> node: 33.100388
  --> node: 17.661474
--------
arbol 4, antesDePrunear:
> node: llgswwuuh
--> node: vr
--> node: h
  --> node: ersm
    --> node: ujewlx
--> node: g
  --> node: fmtdhlm
    --> node: oaorvqhsa
    --> node: ntoidng
--------
arbol 4, despuesDePrunear:
> node: llgswwuuh
--> node: vr
--> node: h
--> node: g
  --> node: fmtdhlm
--------
arbol 4, antesDePrunear:
> node: llgswwuuh
--> node: vr
--> node: h
--> node: g
  --> node: fmtdhlm
--------
arbol 4, despuesDePrunear:
> node: llgswwuuh
--> node: vr
--> node: h
--> node: g
  --> node: fmtdhlm
--------
arbol 3, antesDeMergear:
> node: 4029.037192
--> node: 54.292407
  --> node: -6.946177
    --> node: -7.455375
  --> node: 42.201380
    --> node: 29.226489
--> node: 44.620817
  --> node: -6.985117
--> node: 19.052470
  --> node: -23.393949
    --> node: 34.727719
      --> node: -14.754325
      --> node: 21.037266
--> node: 19.827843
  --> node: 11.310996
    --> node: 12.876145
      --> node: 27.018917
      --> node: 51.007043
  --> node: -5.166265
    --> node: 33.657000
--> node: 26.155914
  --> node: 2.256421
    --> node: 33.100388
  --> node: 17.661474
--------
arbol 3, despuesDeMergear:
> node: 4029.037192
--> node: 54.292407
  --> node: -6.946177
    --> node: -7.455375
  --> node: 42.201380
    --> node: 29.226489
--> node: 44.620817
  --> node: -6.985117
--> node: 19.052470
  --> node: -23.393949
    --> node: 34.727719
      --> node: -14.754325
      --> node: 21.037266
--> node: 19.827843
  --> node: 11.310996
    --> node: 12.876145
      --> node: 27.018917
      --> node: 51.007043
  --> node: -5.166265
    --> node: 33.657000
--> node: 26.155914
  --> node: 2.256421
    --> node: 33.100388
  --> node: 17.661474
--------
arbol 1, antesDePrunear:
> node: bixbibsti
--> node: kww
  --> node: fymyydx
--> node: ayurdp
  --> node: r
    --> node: e
      --> node: udwl
    --> node: lydlc
  --> node: uxhq
    --> node: njh
--> node: gdoes
  --> node: f
  --> node: ggpgaqon
  --> node: ybrp
--> node: stwljymg
  --> node: wmbswfbh
--> node: a
--> node: o
--------
arbol 1, despuesDePrunear:
> node: bixbibsti
--> node: kww
  --> node: fymyydx
--> node: stwljymg
  --> node: wmbswfbh
--------
arbol 4, antesDePrunear:
> node: llgswwuuh
--> node: vr
--> node: h
--> node: g
  --> node: fmtdhlm
    --> node: midvcs
  --> node: lxbi
  --> node: xptwpjd
  --> node: ubsgtdogg
--------
arbol 4, despuesDePrunear:
> node: llgswwuuh
--> node: vr
--> node: h
--> node: g
  --> node: fmtdhlm
  --> node: xptwpjd
--------
arbol 1, antesDePrunear:
> node: bixbibsti
--> node: kww
  --> node: fymyydx
    --> node: lbstqyt
  --> node: a
  --> node: h
--> node: stwljymg
  --> node: wmbswfbh
--------
arbol 1, despuesDePrunear:
> node: bixbibsti
--> node: kww
  --> node: fymyydx
    --> node: lbstqyt
  --> node: h
--> node: stwljymg
  --> node: wmbswfbh
--------
arbol 1, antesDeMergear:
> node: bixbibsti
--> node: kww
  --> node: fymyydx
    --> node: lbstqyt
  --> node: h
--> node: stwljymg
  --> node: wmbswfbh
    --> node: vqmgr
--------
arbol 1, despuesDeMergear:
> node: bixbibsti
--> node: kww
  --> node: fymyydx
    --> node: lbstqyt
  --> node: h
--> node: stwljymg
  --> node: wmbswfbh
    --> node: vqmgr
--------
arbol 2, antesDePrunear:
> node: 7599
--> node: 14426
  --> node: 9455
    --> node: 4621
  --> node: 8197
    --> node: 1901
    --> node: 30
      --> node: 4676
    --> node: 3898
  --> node: 430
  --> node: 667
  --> node: 1766
  --> node: 7151
--> node: 3914
  --> node: 5910
    --> node: 7836
    --> node: 8309
  --> node: 4365
    --> node: 7539
--> node: 106
  --> node: 7836
    --> node: 2973
    --> node: 3485
  --> node: 8691
    --> node: 63
--> node: 8103
--------
arbol 2, despuesDePrunear:
> node: 7599
--> node: 14426
  --> node: 9455
    --> node: 4621
  --> node: 8197
    --> node: 1901
    --> node: 30
    --> node: 3898
  --> node: 430
  --> node: 667
  --> node: 1766
  --> node: 7151
--> node: 3914
  --> node: 5910
    --> node: 8309
  --> node: 4365
    --> node: 7539
--> node: 106
  --> node: 8691
    --> node: 63
--> node: 8103
--------
arbol 4, antesDeMergear:
> node: llgswwuuh
--> node: vr
--> node: h
  --> node: kafsop
    --> node: xx
      --> node: agynyghv
--> node: g
  --> node: fmtdhlm
  --> node: xptwpjd
--------
arbol 4, despuesDeMergear:
> node: llgswwuuh
--> node: vr
--> node: hafsop
  --> node: xx
    --> node: agynyghv
--> node: g
  --> node: fmtdhlm
  --> node: xptwpjd
--------
arbol 2, antesDePrunear:
> node: 7599
--> node: 14426
  --> node: 9455
    --> node: 4621
  --> node: 8197
    --> node: 1901
    --> node: 30
    --> node: 3898
  --> node: 430
  --> node: 667
  --> node: 1766
  --> node: 7151
--> node: 3914
  --> node: 5910
    --> node: 8309
    --> node: 2507
  --> node: 4365
    --> node: 7539
--> node: 106
  --> node: 8691
    --> node: 63
--> node: 8103
--------
arbol 2, despuesDePrunear:
> node: 7599
--> node: 14426
  --> node: 9455
    --> node: 4621
  --> node: 8197
    --> node: 1901
    --> node: 30
    --> node: 3898
  --> node: 430
  --> node: 667
  --> node: 1766
  --> node: 7151
--> node: 3914
  --> node: 5910
    --> node: 8309
    --> node: 2507
  --> node: 4365
    --> node: 7539
--> node: 106
  --> node: 8691
    --> node: 63
--> node: 8103
--------
arbol 4, antesDeMergear:
> node: llgswwuuh
--> node: vr
--> node: hafsop
  --> node: xx
    --> node: agynyghv
    --> node: hqm
  --> node: rtoa
--> node: g
  --> node: fmtdhlm
    --> node: mtpallel
  --> node: xptwpjd
--> node: bvcdq
  --> node: sixcow
--------
arbol 4, despuesDeMergear:
> node: lagswpuuh
--> node: vr
--> node: g
  --> node: fttahlml
  --> node: xptwpjd
--> node: biccqw
--> node: xx
  --> node: agynyghv
  --> node: hqm
--> node: rtoa
--------
arbol 1, antesDePrunear:
> node: bixbibsti
--> node: kww
  --> node: fymyydx
    --> node: lbstqyt
    --> node: qt
    --> node: tnkpwc
      --> node: wlc
  --> node: h
--> node: stwljymg
  --> node: wmbswfbh
    --> node: vqmgr
  --> node: gpcjeij
--> node: mqff
--------
arbol 1, despuesDePrunear:
> node: bixbibsti
--> node: kww
  --> node: fymyydx
    --> node: lbstqyt
    --> node: qt
    --> node: tnkpwc
      --> node: wlc
  --> node: h
--> node: stwljymg
  --> node: wmbswfbh
    --> node: vqmgr
--> node: mqff
--------
arbol 0, antesDeMergear:
> node: 1905
--> node: 834
--> node: 4127
  --> node: 4787
  --> node: 2083
--> node: 2037
  --> node: 1582
    --> node: 395
      --> node: 5853
      --> node: 9978
        --> node: 8561
    --> node: 8662
      --> node: 935
        --> node: 1476
    --> node: 2896
    --> node: 1135
      --> node: 6298
        --> node: 3099
    --> node: 9894
    --> node: 9970
    --> node: 4878
      --> node: 9251
      --> node: 5896
    --> node: 4243
  --> node: 8799
    --> node: 2938
      --> node: 9667
      --> node: 7383
    --> node: 8511
  --> node: 9401
    --> node: 5866
    --> node: 4178
  --> node: 1702
--> node: 8688
--------
arbol 0, despuesDeMergear:
> node: 10593
--> node: 834
--> node: 4127
  --> node: 4787
  --> node: 2083
--> node: 2037
  --> node: 4478
    --> node: 395
      --> node: 5853
      --> node: 9978
        --> node: 8561
    --> node: 8662
      --> node: 2411
    --> node: 1135
      --> node: 6298
        --> node: 3099
    --> node: 9894
    --> node: 9970
    --> node: 10774
      --> node: 9251
    --> node: 4243
  --> node: 8799
    --> node: 2938
      --> node: 9667
      --> node: 7383
    --> node: 8511
  --> node: 9401
    --> node: 5866
    --> node: 4178
  --> node: 1702
--------
arbol 3, antesDePrunear:
> node: 4029.037192
--> node: 54.292407
  --> node: -6.946177
    --> node: -7.455375
  --> node: 42.201380
    --> node: 29.226489
--> node: 44.620817
  --> node: -6.985117
    --> node: 65.641742
    --> node: 2.500860
    --> node: 42.049911
      --> node: 69.277982
    --> node: 58.330163
  --> node: 31.050856
--> node: 19.052470
  --> node: -23.393949
    --> node: 34.727719
      --> node: -14.754325
        --> node: -10.732115
          --> node: 51.975307
      --> node: 21.037266
      --> node: 22.987946
    --> node: 35.632999
  --> node: 58.932542
--> node: 19.827843
  --> node: 11.310996
    --> node: 12.876145
      --> node: 27.018917
      --> node: 51.007043
      --> node: 70.304878
        --> node: 26.468086
  --> node: -5.166265
    --> node: 33.657000
    --> node: 25.732705
  --> node: -9.683875
    --> node: 41.213598
--> node: 26.155914
  --> node: 2.256421
    --> node: 33.100388
      --> node: -24.844713
  --> node: 17.661474
--> node: 17.198124
--> node: 64.338994
--> node: -20.575933
--------
arbol 3, despuesDePrunear:
> node: 4029.037192
--> node: 54.292407
  --> node: -6.946177
    --> node: -7.455375
  --> node: 42.201380
    --> node: 29.226489
--> node: 44.620817
  --> node: -6.985117
    --> node: 2.500860
    --> node: 42.049911
    --> node: 58.330163
  --> node: 31.050856
--> node: 19.052470
  --> node: -23.393949
    --> node: 34.727719
      --> node: -14.754325
        --> node: -10.732115
          --> node: 51.975307
      --> node: 21.037266
      --> node: 22.987946
    --> node: 35.632999
  --> node: 58.932542
--> node: 19.827843
  --> node: 11.310996
    --> node: 12.876145
      --> node: 27.018917
      --> node: 51.007043
  --> node: -5.166265
    --> node: 33.657000
    --> node: 25.732705
  --> node: -9.683875
    --> node: 41.213598
--> node: 26.155914
  --> node: 2.256421
    --> node: 33.100388
      --> node: -24.844713
  --> node: 17.661474
--> node: 17.198124
--> node: -20.575933
--------
arbol 2, antesDeMergear:
> node: 7599
--> node: 14426
  --> node: 9455
    --> node: 4621
    --> node: 3718
  --> node: 8197
    --> node: 1901
    --> node: 30
      --> node: 7954
    --> node: 3898
  --> node: 430
  --> node: 667
    --> node: 3121
  --> node: 1766
  --> node: 7151
--> node: 3914
  --> node: 5910
    --> node: 8309
    --> node: 2507
  --> node: 4365
    --> node: 7539
      --> node: 4871
      --> node: 8506
--> node: 106
  --> node: 8691
    --> node: 63
      --> node: 4450
        --> node: 3975
  --> node: 3800
--> node: 8103
--------
arbol 2, despuesDeMergear:
> node: 7599
--> node: 14426
  --> node: 9455
    --> node: 4621
    --> node: 3718
  --> node: 8197
    --> node: 1901
    --> node: 30
      --> node: 7954
    --> node: 3898
  --> node: 430
  --> node: 667
    --> node: 3121
  --> node: 1766
  --> node: 7151
--> node: 3914
  --> node: 5910
    --> node: 8309
    --> node: 2507
  --> node: 4365
    --> node: 7539
      --> node: 4871
      --> node: 8506
--> node: 106
  --> node: 8691
    --> node: 63
      --> node: 4450
        --> node: 3975
  --> node: 3800
--> node: 8103
--------
arbol 3, antesDePrunear:
> node: 4029.037192
--> node: 54.292407
  --> node: -6.946177
    --> node: -7.455375
  --> node: 42.201380
    --> node: 29.226489
--> node: 44.620817
  --> node: -6.985117
    --> node: 2.500860
    --> node: 42.049911
    --> node: 58.330163
  --> node: 31.050856
--> node: 19.052470
  --> node: -23.393949
    --> node: 34.727719
      --> node: -14.754325
        --> node: -10.732115
          --> node: 51.975307
      --> node: 21.037266
      --> node: 22.987946
    --> node: 35.632999
  --> node: 58.932542
--> node: 19.827843
  --> node: 11.310996
    --> node: 12.876145
      --> node: 27.018917
      --> node: 51.007043
  --> node: -5.166265
    --> node: 33.657000
    --> node: 25.732705
  --> node: -9.683875
    --> node: 41.213598
--> node: 26.155914
  --> node: 2.256421
    --> node: 33.100388
      --> node: -24.844713
  --> node: 17.661474
--> node: 17.198124
--> node: -20.575933
--------
arbol 3, despuesDePrunear:
> node: 4029.037192
--> node: 54.292407
  --> node: -6.946177
    --> node: -7.455375
  --> node: 42.201380
    --> node: 29.226489
--> node: 44.620817
  --> node: -6.985117
    --> node: 2.500860
    --> node: 42.049911
    --> node: 58.330163
  --> node: 31.050856
--> node: 19.052470
  --> node: -23.393949
    --> node: 34.727719
      --> node: -14.754325
        --> node: -10.732115
          --> node: 51.975307
      --> node: 21.037266
      --> node: 22.987946
    --> node: 35.632999
  --> node: 58.932542
--> node: 19.827843
  --> node: 11.310996
    --> node: 12.876145
      --> node: 27.018917
      --> node: 51.007043
  --> node: -5.166265
    --> node: 33.657000
    --> node: 25.732705
  --> node: -9.683875
    --> node: 41.213598
--> node: 26.155914
  --> node: 2.256421
    --> node: 33.100388
      --> node: -24.844713
  --> node: 17.661474
--> node: 17.198124
--> node: -20.575933
--------
arbol 2, antesDeMergear:
> node: 7599
--> node: 14426
  --> node: 9455
    --> node: 4621
    --> node: 3718
  --> node: 8197
    --> node: 1901
    --> node: 30
      --> node: 7954
    --> node: 3898
  --> node: 430
  --> node: 667
    --> node: 3121
  --> node: 1766
  --> node: 7151
--> node: 3914
  --> node: 5910
    --> node: 8309
      --> node: 6707
    --> node: 2507
  --> node: 4365
    --> node: 7539
      --> node: 4871
      --> node: 8506
        --> node: 9633
--> node: 106
  --> node: 8691
    --> node: 63
      --> node: 4450
        --> node: 3975
  --> node: 3800
--> node: 8103
--------
arbol 2, despuesDeMergear:
> node: 7599
--> node: 14426
  --> node: 9455
    --> node: 4621
    --> node: 3718
  --> node: 8197
    --> node: 1901
    --> node: 30
      --> node: 7954
    --> node: 3898
  --> node: 430
  --> node: 667
    --> node: 3121
  --> node: 1766
  --> node: 7151
--> node: 3914
  --> node: 5910
    --> node: 8309
      --> node: 6707
    --> node: 2507
  --> node: 4365
    --> node: 7539
      --> node: 4871
      --> node: 8506
        --> node: 9633
--> node: 106
  --> node: 8691
    --> node: 63
      --> node: 4450
        --> node: 3975
  --> node: 3800
--> node: 8103
--------
arbol 1, antesDePrunear:
> node: bixbibsti
--> node: kww
  --> node: fymyydx
    --> node: lbstqyt
      --> node: glvktib
    --> node: qt
    --> node: tnkpwc
      --> node: wlc
        --> node: jyvkpvhsu
  --> node: h
--> node: stwljymg
  --> node: wmbswfbh
    --> node: vqmgr
--> node: mqff
--> node: xqhko
--------
arbol 1, despuesDePrunear:
> node: bixbibsti
--> node: kww
  --> node: fymyydx
    --> node: lbstqyt
    --> node: qt
    --> node: tnkpwc
      --> node: wlc
  --> node: h
--> node: stwljymg
  --> node: wmbswfbh
    --> node: vqmgr
--> node: mqff
--------
arbol 4, antesDeMergear:
> node: lagswpuuh
--> node: vr
--> node: g
  --> node: fttahlml
  --> node: xptwpjd
    --> node: wfucu
--> node: biccqw
--> node: xx
  --> node: agynyghv
    --> node: blqxq
  --> node: hqm
    --> node: lgyxlxwl
    --> node: hroogy
--> node: rtoa
--> node: qoyotn
--> node: tg
--------
arbol 4, despuesDeMergear:
> node: logownuuh
--> node: vr
--> node: gttahlml
  --> node: xftcpjd
--> node: xgynyghv
  --> node: hrmogy
    --> node: lgyxlxwl
  --> node: blqxq
--> node: tg
--------
arbol 3, antesDePrunear:
> node: 4029.037192
--> node: 54.292407
  --> node: -6.946177
    --> node: -7.455375
  --> node: 42.201380
    --> node: 29.226489
    --> node: 55.949295
--> node: 44.620817
  --> node: -6.985117
    --> node: 2.500860
    --> node: 42.049911
    --> node: 58.330163
  --> node: 31.050856
--> node: 19.052470
  --> node: -23.393949
    --> node: 34.727719
      --> node: -14.754325
        --> node: -10.732115
          --> node: 51.975307
          --> node: 21.046473
      --> node: 21.037266
      --> node: 22.987946
    --> node: 35.632999
  --> node: 58.932542
--> node: 19.827843
  --> node: 11.310996
    --> node: 12.876145
      --> node: 27.018917
      --> node: 51.007043
  --> node: -5.166265
    --> node: 33.657000
    --> node: 25.732705
  --> node: -9.683875
    --> node: 41.213598
--> node: 26.155914
  --> node: 2.256421
    --> node: 33.100388
      --> node: -24.844713
  --> node: 17.661474
--> node: 17.198124
--> node: -20.575933
--------
arbol 3, despuesDePrunear:
> node: 4029.037192
--> node: 54.292407
  --> node: -6.946177
    --> node: -7.455375
  --> node: 42.201380
    --> node: 29.226489
    --> node: 55.949295
--> node: 44.620817
  --> node: -6.985117
    --> node: 2.500860
    --> node: 42.049911
    --> node: 58.330163
  --> node: 31.050856
--> node: 19.052470
  --> node: -23.393949
    --> node: 34.727719
      --> node: -14.754325
        --> node: -10.732115
          --> node: 51.975307
          --> node: 21.046473
      --> node: 21.037266
      --> node: 22.987946
    --> node: 35.632999
  --> node: 58.932542
--> node: 19.827843
  --> node: 11.310996
    --> node: 12.876145
      --> node: 27.018917
      --> node: 51.007043
  --> node: -5.166265
    --> node: 33.657000
    --> node: 25.732705
  --> node: -9.683875
    --> node: 41.213598
--> node: 26.155914
  --> node: 2.256421
    --> node: 33.100388
      --> node: -24.844713
  --> node: 17.661474
--> node: 17.198124
--> node: -20.575933
--------
arbol 3, destruyendoLoSiguiente:
> node: 4029.037192
--> node: 54.292407
  --> node: -6.946177
    --> node: -7.455375
  --> node: 42.201380
    --> node: 29.226489
    --> node: 55.949295
--> node: 44.620817
  --> node: -6.985117
    --> node: 2.500860
    --> node: 42.049911
    --> node: 58.330163
    --> node: 65.010980
  --> node: 31.050856
--> node: 19.052470
  --> node: -23.393949
    --> node: 34.727719
      --> node: -14.754325
        --> node: -10.732115
          --> node: 51.975307
          --> node: 21.046473
      --> node: 21.037266
      --> node: 22.987946
    --> node: 35.632999
  --> node: 58.932542
  --> node: -8.264395
--> node: 19.827843
  --> node: 11.310996
    --> node: 12.876145
      --> node: 27.018917
      --> node: 51.007043
  --> node: -5.166265
    --> node: 33.657000
    --> node: 25.732705
  --> node: -9.683875
    --> node: 41.213598
--> node: 26.155914
  --> node: 2.256421
    --> node: 33.100388
      --> node: -24.844713
  --> node: 17.661474
--> node: 17.198124
--> node: -20.575933
--------
arbol 1, antesDeMergear:
> node: bixbibsti
--> node: kww
  --> node: fymyydx
    --> node: lbstqyt
    --> node: qt
    --> node: tnkpwc
      --> node: wlc
  --> node: h
    --> node: x
--> node: stwljymg
  --> node: wmbswfbh
    --> node: vqmgr
--> node: mqff
  --> node: c
--------
arbol 1, despuesDeMergear:
> node: bixbibsti
--> node: kww
  --> node: fymyydx
    --> node: lbstqyt
    --> node: qt
    --> node: tnkpwc
      --> node: wlc
  --> node: h
    --> node: x
--> node: stwljymg
  --> node: wmbswfbh
    --> node: vqmgr
--> node: mqff
  --> node: c
--------
arbol 1, antesDeMergear:
> node: bixbibsti
--> node: kww
  --> node: fymyydx
    --> node: lbstqyt
    --> node: qt
    --> node: tnkpwc
      --> node: wlc
  --> node: h
    --> node: x
--> node: stwljymg
  --> node: wmbswfbh
    --> node: vqmgr
--> node: mqff
  --> node: c
--------
arbol 1, despuesDeMergear:
> node: bixbibsti
--> node: kww
  --> node: fymyydx
    --> node: lbstqyt
    --> node: qt
    --> node: tnkpwc
      --> node: wlc
  --> node: h
    --> node: x
--> node: stwljymg
  --> node: wmbswfbh
    --> node: vqmgr
--> node: mqff
  --> node: c
--------
arbol 4, destruyendoLoSiguiente:
> node: logownuuh
--> node: vr
  --> node: cdwswnex
--> node: gttahlml
  --> node: xftcpjd
    --> node: bn
  --> node: qgwt
--> node: xgynyghv
  --> node: hrmogy
    --> node: lgyxlxwl
  --> node: blqxq
    --> node: twwiyefg
    --> node: fewenrue
--> node: tg
  --> node: rvjrput
    --> node: ljurspi
--------
arbol 0, antesDePrunear:
> node: 10593
--> node: 834
--> node: 4127
  --> node: 4787
  --> node: 2083
  --> node: 2767
  --> node: 1938
--> node: 2037
  --> node: 4478
    --> node: 395
      --> node: 5853
      --> node: 9978
        --> node: 8561
          --> node: 6615
        --> node: 1766
    --> node: 8662
      --> node: 2411
    --> node: 1135
      --> node: 6298
        --> node: 3099
    --> node: 9894
      --> node: 808
      --> node: 846
    --> node: 9970
    --> node: 10774
      --> node: 9251
    --> node: 4243
      --> node: 82
      --> node: 1125
  --> node: 8799
    --> node: 2938
      --> node: 9667
      --> node: 7383
      --> node: 326
    --> node: 8511
  --> node: 9401
    --> node: 5866
    --> node: 4178
  --> node: 1702
--------
arbol 0, despuesDePrunear:
> node: 10593
--> node: 834
--> node: 4127
  --> node: 4787
  --> node: 2083
  --> node: 2767
  --> node: 1938
--> node: 2037
  --> node: 4478
    --> node: 395
      --> node: 5853
      --> node: 9978
        --> node: 8561
          --> node: 6615
        --> node: 1766
    --> node: 8662
      --> node: 2411
    --> node: 1135
      --> node: 6298
        --> node: 3099
    --> node: 9894
      --> node: 846
    --> node: 9970
    --> node: 10774
      --> node: 9251
    --> node: 4243
      --> node: 82
      --> node: 1125
  --> node: 8799
    --> node: 2938
      --> node: 9667
      --> node: 7383
      --> node: 326
    --> node: 8511
  --> node: 9401
    --> node: 5866
    --> node: 4178
  --> node: 1702
--------
arbol 1, antesDePrunear:
> node: bixbibsti
--> node: kww
  --> node: fymyydx
    --> node: lbstqyt
      --> node: mfxhajt
      --> node: ghdjqdepk
    --> node: qt
      --> node: rnsqotie
    --> node: tnkpwc
      --> node: wlc
  --> node: h
    --> node: x
      --> node: jtsolsk
    --> node: nece
--> node: stwljymg
  --> node: wmbswfbh
    --> node: vqmgr
      --> node: m
--> node: mqff
  --> node: c
--> node: dtxhycx
  --> node: w
--------
arbol 1, despuesDePrunear:
> node: bixbibsti
--> node: kww
  --> node: fymyydx
    --> node: lbstqyt
    --> node: qt
    --> node: tnkpwc
      --> node: wlc
  --> node: h
    --> node: x
--> node: stwljymg
  --> node: wmbswfbh
    --> node: vqmgr
      --> node: m
--> node: mqff
  --> node: c
--> node: dtxhycx
  --> node: w
--------
arbol 0, antesDeMergear:
> node: 10593
--> node: 834
--> node: 4127
  --> node: 4787
  --> node: 2083
  --> node: 2767
  --> node: 1938
  --> node: 2942
--> node: 2037
  --> node: 4478
    --> node: 395
      --> node: 5853
      --> node: 9978
        --> node: 8561
          --> node: 6615
        --> node: 1766
    --> node: 8662
      --> node: 2411
    --> node: 1135
      --> node: 6298
        --> node: 3099
    --> node: 9894
      --> node: 846
    --> node: 9970
    --> node: 10774
      --> node: 9251
    --> node: 4243
      --> node: 82
        --> node: 2424
      --> node: 1125
  --> node: 8799
    --> node: 2938
      --> node: 9667
      --> node: 7383
      --> node: 326
    --> node: 8511
  --> node: 9401
    --> node: 5866
    --> node: 4178
  --> node: 1702
--------
arbol 0, despuesDeMergear:
> node: 10593
--> node: 834
--> node: 4127
  --> node: 4787
  --> node: 2083
  --> node: 2767
  --> node: 1938
  --> node: 2942
--> node: 2037
  --> node: 4478
    --> node: 395
      --> node: 5853
      --> node: 9978
        --> node: 8561
          --> node: 6615
        --> node: 1766
    --> node: 8662
      --> node: 2411
    --> node: 1135
      --> node: 6298
        --> node: 3099
    --> node: 9894
      --> node: 846
    --> node: 9970
    --> node: 10774
      --> node: 9251
    --> node: 4243
      --> node: 2506
      --> node: 1125
  --> node: 8799
    --> node: 2938
      --> node: 9667
      --> node: 7383
      --> node: 326
    --> node: 8511
  --> node: 9401
    --> node: 5866
    --> node: 4178
  --> node: 1702
--------
arbol 2, destruyendoLoSiguiente:
> node: 7599
--> node: 14426
  --> node: 9455
    --> node: 4621
    --> node: 3718
  --> node: 8197
    --> node: 1901
    --> node: 30
      --> node: 7954
        --> node: 6269
    --> node: 3898
  --> node: 430
  --> node: 667
    --> node: 3121
      --> node: 8131
  --> node: 1766
    --> node: 3224
  --> node: 7151
  --> node: 6318
--> node: 3914
  --> node: 5910
    --> node: 8309
      --> node: 6707
    --> node: 2507
      --> node: 4025
      --> node: 7189
  --> node: 4365
    --> node: 7539
      --> node: 4871
      --> node: 8506
        --> node: 9633
    --> node: 9800
--> node: 106
  --> node: 8691
    --> node: 63
      --> node: 4450
        --> node: 3975
        --> node: 6169
    --> node: 7988
  --> node: 3800
    --> node: 3855
--> node: 8103
--> node: 9186
--------
arbol 1, destruyendoLoSiguiente:
> node: bixbibsti
--> node: kww
  --> node: fymyydx
    --> node: lbstqyt
    --> node: qt
    --> node: tnkpwc
      --> node: wlc
      --> node: j
        --> node: ghas
      --> node: uimdlqbv
  --> node: h
    --> node: x
      --> node: diyrwh
--> node: stwljymg
  --> node: wmbswfbh
    --> node: vqmgr
      --> node: m
--> node: mqff
  --> node: c
  --> node: iqovak
--> node: dtxhycx
  --> node: w
--------
arbol 0, destruyendoLoSiguiente:
> node: 10593
--> node: 834
--> node: 4127
  --> node: 4787
  --> node: 2083
  --> node: 2767
    --> node: 1089
  --> node: 1938
  --> node: 2942
--> node: 2037
  --> node: 4478
    --> node: 395
      --> node: 5853
      --> node: 9978
        --> node: 8561
          --> node: 6615
        --> node: 1766
    --> node: 8662
      --> node: 2411
    --> node: 1135
      --> node: 6298
        --> node: 3099
    --> node: 9894
      --> node: 846
    --> node: 9970
    --> node: 10774
      --> node: 9251
    --> node: 4243
      --> node: 2506
      --> node: 1125
  --> node: 8799
    --> node: 2938
      --> node: 9667
        --> node: 5709
      --> node: 7383
      --> node: 326
    --> node: 8511
  --> node: 9401
    --> node: 5866
    --> node: 4178
  --> node: 1702
--------
